Archive member included to satisfy reference by file (symbol)

C:/ST/STM32CubeIDE_1.13.2/STM32CubeIDE/plugins/com.st.stm32cube.ide.mcu.externaltools.gnu-tools-for-stm32.11.3.rel1.win32_1.1.1.202309131626/tools/bin/../lib/gcc/arm-none-eabi/11.3.1/../../../../arm-none-eabi/lib/thumb/v7e-m+fp/hard\libc_nano.a(libc_a-exit.o)
                              C:/ST/STM32CubeIDE_1.13.2/STM32CubeIDE/plugins/com.st.stm32cube.ide.mcu.externaltools.gnu-tools-for-stm32.11.3.rel1.win32_1.1.1.202309131626/tools/bin/../lib/gcc/arm-none-eabi/11.3.1/../../../../arm-none-eabi/lib/thumb/v7e-m+fp/hard/crt0.o (exit)
C:/ST/STM32CubeIDE_1.13.2/STM32CubeIDE/plugins/com.st.stm32cube.ide.mcu.externaltools.gnu-tools-for-stm32.11.3.rel1.win32_1.1.1.202309131626/tools/bin/../lib/gcc/arm-none-eabi/11.3.1/../../../../arm-none-eabi/lib/thumb/v7e-m+fp/hard\libc_nano.a(libc_a-itoa.o)
                              ./Core/Src/DrawingFunctions.o (itoa)
C:/ST/STM32CubeIDE_1.13.2/STM32CubeIDE/plugins/com.st.stm32cube.ide.mcu.externaltools.gnu-tools-for-stm32.11.3.rel1.win32_1.1.1.202309131626/tools/bin/../lib/gcc/arm-none-eabi/11.3.1/../../../../arm-none-eabi/lib/thumb/v7e-m+fp/hard\libc_nano.a(libc_a-utoa.o)
                              C:/ST/STM32CubeIDE_1.13.2/STM32CubeIDE/plugins/com.st.stm32cube.ide.mcu.externaltools.gnu-tools-for-stm32.11.3.rel1.win32_1.1.1.202309131626/tools/bin/../lib/gcc/arm-none-eabi/11.3.1/../../../../arm-none-eabi/lib/thumb/v7e-m+fp/hard\libc_nano.a(libc_a-itoa.o) (__utoa)
C:/ST/STM32CubeIDE_1.13.2/STM32CubeIDE/plugins/com.st.stm32cube.ide.mcu.externaltools.gnu-tools-for-stm32.11.3.rel1.win32_1.1.1.202309131626/tools/bin/../lib/gcc/arm-none-eabi/11.3.1/../../../../arm-none-eabi/lib/thumb/v7e-m+fp/hard\libc_nano.a(libc_a-findfp.o)
                              C:/ST/STM32CubeIDE_1.13.2/STM32CubeIDE/plugins/com.st.stm32cube.ide.mcu.externaltools.gnu-tools-for-stm32.11.3.rel1.win32_1.1.1.202309131626/tools/bin/../lib/gcc/arm-none-eabi/11.3.1/../../../../arm-none-eabi/lib/thumb/v7e-m+fp/hard\libc_nano.a(libc_a-exit.o) (__stdio_exit_handler)
C:/ST/STM32CubeIDE_1.13.2/STM32CubeIDE/plugins/com.st.stm32cube.ide.mcu.externaltools.gnu-tools-for-stm32.11.3.rel1.win32_1.1.1.202309131626/tools/bin/../lib/gcc/arm-none-eabi/11.3.1/../../../../arm-none-eabi/lib/thumb/v7e-m+fp/hard\libc_nano.a(libc_a-fwalk.o)
                              C:/ST/STM32CubeIDE_1.13.2/STM32CubeIDE/plugins/com.st.stm32cube.ide.mcu.externaltools.gnu-tools-for-stm32.11.3.rel1.win32_1.1.1.202309131626/tools/bin/../lib/gcc/arm-none-eabi/11.3.1/../../../../arm-none-eabi/lib/thumb/v7e-m+fp/hard\libc_nano.a(libc_a-findfp.o) (_fwalk_sglue)
C:/ST/STM32CubeIDE_1.13.2/STM32CubeIDE/plugins/com.st.stm32cube.ide.mcu.externaltools.gnu-tools-for-stm32.11.3.rel1.win32_1.1.1.202309131626/tools/bin/../lib/gcc/arm-none-eabi/11.3.1/../../../../arm-none-eabi/lib/thumb/v7e-m+fp/hard\libc_nano.a(libc_a-stdio.o)
                              C:/ST/STM32CubeIDE_1.13.2/STM32CubeIDE/plugins/com.st.stm32cube.ide.mcu.externaltools.gnu-tools-for-stm32.11.3.rel1.win32_1.1.1.202309131626/tools/bin/../lib/gcc/arm-none-eabi/11.3.1/../../../../arm-none-eabi/lib/thumb/v7e-m+fp/hard\libc_nano.a(libc_a-findfp.o) (__sread)
C:/ST/STM32CubeIDE_1.13.2/STM32CubeIDE/plugins/com.st.stm32cube.ide.mcu.externaltools.gnu-tools-for-stm32.11.3.rel1.win32_1.1.1.202309131626/tools/bin/../lib/gcc/arm-none-eabi/11.3.1/../../../../arm-none-eabi/lib/thumb/v7e-m+fp/hard\libc_nano.a(libc_a-memset.o)
                              C:/ST/STM32CubeIDE_1.13.2/STM32CubeIDE/plugins/com.st.stm32cube.ide.mcu.externaltools.gnu-tools-for-stm32.11.3.rel1.win32_1.1.1.202309131626/tools/bin/../lib/gcc/arm-none-eabi/11.3.1/../../../../arm-none-eabi/lib/thumb/v7e-m+fp/hard/crt0.o (memset)
C:/ST/STM32CubeIDE_1.13.2/STM32CubeIDE/plugins/com.st.stm32cube.ide.mcu.externaltools.gnu-tools-for-stm32.11.3.rel1.win32_1.1.1.202309131626/tools/bin/../lib/gcc/arm-none-eabi/11.3.1/../../../../arm-none-eabi/lib/thumb/v7e-m+fp/hard\libc_nano.a(libc_a-closer.o)
                              C:/ST/STM32CubeIDE_1.13.2/STM32CubeIDE/plugins/com.st.stm32cube.ide.mcu.externaltools.gnu-tools-for-stm32.11.3.rel1.win32_1.1.1.202309131626/tools/bin/../lib/gcc/arm-none-eabi/11.3.1/../../../../arm-none-eabi/lib/thumb/v7e-m+fp/hard\libc_nano.a(libc_a-stdio.o) (_close_r)
C:/ST/STM32CubeIDE_1.13.2/STM32CubeIDE/plugins/com.st.stm32cube.ide.mcu.externaltools.gnu-tools-for-stm32.11.3.rel1.win32_1.1.1.202309131626/tools/bin/../lib/gcc/arm-none-eabi/11.3.1/../../../../arm-none-eabi/lib/thumb/v7e-m+fp/hard\libc_nano.a(libc_a-reent.o)
                              C:/ST/STM32CubeIDE_1.13.2/STM32CubeIDE/plugins/com.st.stm32cube.ide.mcu.externaltools.gnu-tools-for-stm32.11.3.rel1.win32_1.1.1.202309131626/tools/bin/../lib/gcc/arm-none-eabi/11.3.1/../../../../arm-none-eabi/lib/thumb/v7e-m+fp/hard\libc_nano.a(libc_a-closer.o) (errno)
[...]
Memory Configuration

Name             Origin             Length             Attributes
RAM              0x0000000020000000 0x0000000000020000 xrw
FLASH            0x0000000008000000 0x0000000000080000 xr
*default*        0x0000000000000000 0xffffffffffffffff

Linker script and memory map

LOAD C:/ST/STM32CubeIDE_1.13.2/STM32CubeIDE/plugins/com.st.stm32cube.ide.mcu.externaltools.gnu-tools-for-stm32.11.3.rel1.win32_1.1.1.202309131626/tools/bin/../lib/gcc/arm-none-eabi/11.3.1/thumb/v7e-m+fp/hard/crti.o
LOAD C:/ST/STM32CubeIDE_1.13.2/STM32CubeIDE/plugins/com.st.stm32cube.ide.mcu.externaltools.gnu-tools-for-stm32.11.3.rel1.win32_1.1.1.202309131626/tools/bin/../lib/gcc/arm-none-eabi/11.3.1/thumb/v7e-m+fp/hard/crtbegin.o
LOAD C:/ST/STM32CubeIDE_1.13.2/STM32CubeIDE/plugins/com.st.stm32cube.ide.mcu.externaltools.gnu-tools-for-stm32.11.3.rel1.win32_1.1.1.202309131626/tools/bin/../lib/gcc/arm-none-eabi/11.3.1/../../../../arm-none-eabi/lib/thumb/v7e-m+fp/hard/crt0.o
LOAD ./Core/Src/DrawingFunctions.o
LOAD ./Core/Src/fonts.o
LOAD ./Core/Src/lcd.o
LOAD ./Core/Src/logo.o
LOAD ./Core/Src/main.o
LOAD ./Core/Src/stm32f4xx_hal_msp.o
LOAD ./Core/Src/stm32f4xx_it.o
LOAD ./Core/Src/syscalls.o
LOAD ./Core/Src/sysmem.o
LOAD ./Core/Src/system_stm32f4xx.o
LOAD ./Core/Src/tft.o
LOAD ./Core/Startup/startup_stm32f411ceux.o
LOAD ./Drivers/STM32F4xx_HAL_Driver/Src/stm32f4xx_hal.o
LOAD ./Drivers/STM32F4xx_HAL_Driver/Src/stm32f4xx_hal_adc.o
LOAD ./Drivers/STM32F4xx_HAL_Driver/Src/stm32f4xx_hal_adc_ex.o
LOAD ./Drivers/STM32F4xx_HAL_Driver/Src/stm32f4xx_hal_cortex.o
LOAD ./Drivers/STM32F4xx_HAL_Driver/Src/stm32f4xx_hal_crc.o
LOAD ./Drivers/STM32F4xx_HAL_Driver/Src/stm32f4xx_hal_dma.o
LOAD ./Drivers/STM32F4xx_HAL_Driver/Src/stm32f4xx_hal_dma_ex.o
LOAD ./Drivers/STM32F4xx_HAL_Driver/Src/stm32f4xx_hal_exti.o
LOAD ./Drivers/STM32F4xx_HAL_Driver/Src/stm32f4xx_hal_flash.o
LOAD ./Drivers/STM32F4xx_HAL_Driver/Src/stm32f4xx_hal_flash_ex.o
LOAD ./Drivers/STM32F4xx_HAL_Driver/Src/stm32f4xx_hal_flash_ramfunc.o
LOAD ./Drivers/STM32F4xx_HAL_Driver/Src/stm32f4xx_hal_gpio.o
LOAD ./Drivers/STM32F4xx_HAL_Driver/Src/stm32f4xx_hal_pwr.o
LOAD ./Drivers/STM32F4xx_HAL_Driver/Src/stm32f4xx_hal_pwr_ex.o
LOAD ./Drivers/STM32F4xx_HAL_Driver/Src/stm32f4xx_hal_rcc.o
LOAD ./Drivers/STM32F4xx_HAL_Driver/Src/stm32f4xx_hal_rcc_ex.o
LOAD ./Drivers/STM32F4xx_HAL_Driver/Src/stm32f4xx_hal_tim.o
LOAD ./Drivers/STM32F4xx_HAL_Driver/Src/stm32f4xx_hal_tim_ex.o
LOAD ./Drivers/STM32F4xx_HAL_Driver/Src/stm32f4xx_hal_uart.o
LOAD ./Drivers/STM32F4xx_HAL_Driver/Src/stm32f4xx_ll_adc.o
START GROUP
LOAD C:/ST/STM32CubeIDE_1.13.2/STM32CubeIDE/plugins/com.st.stm32cube.ide.mcu.externaltools.gnu-tools-for-stm32.11.3.rel1.win32_1.1.1.202309131626/tools/bin/../lib/gcc/arm-none-eabi/11.3.1/../../../../arm-none-eabi/lib/thumb/v7e-m+fp/hard\libc_nano.a
LOAD C:/ST/STM32CubeIDE_1.13.2/STM32CubeIDE/plugins/com.st.stm32cube.ide.mcu.externaltools.gnu-tools-for-stm32.11.3.rel1.win32_1.1.1.202309131626/tools/bin/../lib/gcc/arm-none-eabi/11.3.1/../../../../arm-none-eabi/lib/thumb/v7e-m+fp/hard\libm.a
END GROUP
START GROUP
LOAD C:/ST/STM32CubeIDE_1.13.2/STM32CubeIDE/plugins/com.st.stm32cube.ide.mcu.externaltools.gnu-tools-for-stm32.11.3.rel1.win32_1.1.1.202309131626/tools/bin/../lib/gcc/arm-none-eabi/11.3.1/thumb/v7e-m+fp/hard\libgcc.a
LOAD C:/ST/STM32CubeIDE_1.13.2/STM32CubeIDE/plugins/com.st.stm32cube.ide.mcu.externaltools.gnu-tools-for-stm32.11.3.rel1.win32_1.1.1.202309131626/tools/bin/../lib/gcc/arm-none-eabi/11.3.1/../../../../arm-none-eabi/lib/thumb/v7e-m+fp/hard\libc_nano.a
END GROUP
START GROUP
LOAD C:/ST/STM32CubeIDE_1.13.2/STM32CubeIDE/plugins/com.st.stm32cube.ide.mcu.externaltools.gnu-tools-for-stm32.11.3.rel1.win32_1.1.1.202309131626/tools/bin/../lib/gcc/arm-none-eabi/11.3.1/thumb/v7e-m+fp/hard\libgcc.a
LOAD C:/ST/STM32CubeIDE_1.13.2/STM32CubeIDE/plugins/com.st.stm32cube.ide.mcu.externaltools.gnu-tools-for-stm32.11.3.rel1.win32_1.1.1.202309131626/tools/bin/../lib/gcc/arm-none-eabi/11.3.1/../../../../arm-none-eabi/lib/thumb/v7e-m+fp/hard\libc_nano.a
LOAD C:/ST/STM32CubeIDE_1.13.2/STM32CubeIDE/plugins/com.st.stm32cube.ide.mcu.externaltools.gnu-tools-for-stm32.11.3.rel1.win32_1.1.1.202309131626/tools/bin/../lib/gcc/arm-none-eabi/11.3.1/../../../../arm-none-eabi/lib/thumb/v7e-m+fp/hard\libnosys.a
END GROUP
START GROUP
LOAD C:/ST/STM32CubeIDE_1.13.2/STM32CubeIDE/plugins/com.st.stm32cube.ide.mcu.externaltools.gnu-tools-for-stm32.11.3.rel1.win32_1.1.1.202309131626/tools/bin/../lib/gcc/arm-none-eabi/11.3.1/thumb/v7e-m+fp/hard\libgcc.a
LOAD C:/ST/STM32CubeIDE_1.13.2/STM32CubeIDE/plugins/com.st.stm32cube.ide.mcu.externaltools.gnu-tools-for-stm32.11.3.rel1.win32_1.1.1.202309131626/tools/bin/../lib/gcc/arm-none-eabi/11.3.1/../../../../arm-none-eabi/lib/thumb/v7e-m+fp/hard\libc_nano.a
LOAD C:/ST/STM32CubeIDE_1.13.2/STM32CubeIDE/plugins/com.st.stm32cube.ide.mcu.externaltools.gnu-tools-for-stm32.11.3.rel1.win32_1.1.1.202309131626/tools/bin/../lib/gcc/arm-none-eabi/11.3.1/../../../../arm-none-eabi/lib/thumb/v7e-m+fp/hard\libnosys.a
END GROUP
LOAD C:/ST/STM32CubeIDE_1.13.2/STM32CubeIDE/plugins/com.st.stm32cube.ide.mcu.externaltools.gnu-tools-for-stm32.11.3.rel1.win32_1.1.1.202309131626/tools/bin/../lib/gcc/arm-none-eabi/11.3.1/thumb/v7e-m+fp/hard/crtend.o
LOAD C:/ST/STM32CubeIDE_1.13.2/STM32CubeIDE/plugins/com.st.stm32cube.ide.mcu.externaltools.gnu-tools-for-stm32.11.3.rel1.win32_1.1.1.202309131626/tools/bin/../lib/gcc/arm-none-eabi/11.3.1/thumb/v7e-m+fp/hard/crtn.o
                0x0000000020020000                _estack = (ORIGIN (RAM) + LENGTH (RAM))
                0x0000000000000200                _Min_Heap_Size = 0x200
                0x0000000000000400                _Min_Stack_Size = 0x400

.isr_vector     0x0000000008000000      0x198
                0x0000000008000000                . = ALIGN (0x4)
 *(.isr_vector)
 .isr_vector    0x0000000008000000      0x198 ./Core/Startup/startup_stm32f411ceux.o
                0x0000000008000000                g_pfnVectors
                0x0000000008000198                . = ALIGN (0x4)

.text           0x0000000008000198     0x5b50
                0x0000000008000198                . = ALIGN (0x4)
 *(.text)
 .text          0x0000000008000198       0x40 C:/ST/STM32CubeIDE_1.13.2/STM32CubeIDE/plugins/com.st.stm32cube.ide.mcu.externaltools.gnu-tools-for-stm32.11.3.rel1.win32_1.1.1.202309131626/tools/bin/../lib/gcc/arm-none-eabi/11.3.1/thumb/v7e-m+fp/hard/crtbegin.o
 .text          0x00000000080001d8       0x30 C:/ST/STM32CubeIDE_1.13.2/STM32CubeIDE/plugins/com.st.stm32cube.ide.mcu.externaltools.gnu-tools-for-stm32.11.3.rel1.win32_1.1.1.202309131626/tools/bin/../lib/gcc/arm-none-eabi/11.3.1/thumb/v7e-m+fp/hard\libgcc.a(_aeabi_uldivmod.o)
                0x00000000080001d8                __aeabi_uldivmod
 .text          0x0000000008000208      0x2c8 C:/ST/STM32CubeIDE_1.13.2/STM32CubeIDE/plugins/com.st.stm32cube.ide.mcu.externaltools.gnu-tools-for-stm32.11.3.rel1.win32_1.1.1.202309131626/tools/bin/../lib/gcc/arm-none-eabi/11.3.1/thumb/v7e-m+fp/hard\libgcc.a(_udivmoddi4.o)
                0x0000000008000208                __udivmoddi4
 .text          0x00000000080004d0        0x4 C:/ST/STM32CubeIDE_1.13.2/STM32CubeIDE/plugins/com.st.stm32cube.ide.mcu.externaltools.gnu-tools-for-stm32.11.3.rel1.win32_1.1.1.202309131626/tools/bin/../lib/gcc/arm-none-eabi/11.3.1/thumb/v7e-m+fp/hard\libgcc.a(_dvmd_tls.o)
                0x00000000080004d0                __aeabi_idiv0
                0x00000000080004d0                __aeabi_ldiv0
 *(.text*)
 .text.main     0x00000000080004d4       0x7c ./Core/Src/main.o
                0x00000000080004d4                main
 .text.SystemClock_Config
                0x0000000008000550       0xd0 ./Core/Src/main.o
                0x0000000008000550                SystemClock_Config
 .text.MX_ADC1_Init
                0x0000000008000620       0xa4 ./Core/Src/main.o
 .text.MX_CRC_Init
                0x00000000080006c4       0x28 ./Core/Src/main.o
 .text.MX_TIM1_Init
                0x00000000080006ec       0xa0 ./Core/Src/main.o
 .text.MX_USART1_UART_Init
                0x000000000800078c       0x54 ./Core/Src/main.o
 .text.MX_GPIO_Init
                0x00000000080007e0       0xec ./Core/Src/main.o
 .text.Error_Handler
                0x00000000080008cc        0xa ./Core/Src/main.o
                0x00000000080008cc                Error_Handler
 *fill*         0x00000000080008d6        0x2 
 .text.HAL_MspInit
                0x00000000080008d8       0x50 ./Core/Src/stm32f4xx_hal_msp.o
                0x00000000080008d8                HAL_MspInit
 .text.HAL_ADC_MspInit
                0x0000000008000928       0x88 ./Core/Src/stm32f4xx_hal_msp.o
                0x0000000008000928                HAL_ADC_MspInit
 .text.HAL_CRC_MspInit
                0x00000000080009b0       0x44 ./Core/Src/stm32f4xx_hal_msp.o
                0x00000000080009b0                HAL_CRC_MspInit
 .text.HAL_TIM_Base_MspInit
                0x00000000080009f4       0x44 ./Core/Src/stm32f4xx_hal_msp.o
                0x00000000080009f4                HAL_TIM_Base_MspInit
 .text.HAL_UART_MspInit
                0x0000000008000a38       0x90 ./Core/Src/stm32f4xx_hal_msp.o
                0x0000000008000a38                HAL_UART_MspInit
 .text.NMI_Handler
                0x0000000008000ac8        0x6 ./Core/Src/stm32f4xx_it.o
                0x0000000008000ac8                NMI_Handler
 .text.HardFault_Handler
                0x0000000008000ace        0x6 ./Core/Src/stm32f4xx_it.o
                0x0000000008000ace                HardFault_Handler
 .text.MemManage_Handler
                0x0000000008000ad4        0x6 ./Core/Src/stm32f4xx_it.o
                0x0000000008000ad4                MemManage_Handler
 .text.BusFault_Handler
                0x0000000008000ada        0x6 ./Core/Src/stm32f4xx_it.o
                0x0000000008000ada                BusFault_Handler
 .text.UsageFault_Handler
                0x0000000008000ae0        0x6 ./Core/Src/stm32f4xx_it.o
                0x0000000008000ae0                UsageFault_Handler
 .text.SVC_Handler
                0x0000000008000ae6        0xe ./Core/Src/stm32f4xx_it.o
                0x0000000008000ae6                SVC_Handler
 .text.DebugMon_Handler
                0x0000000008000af4        0xe ./Core/Src/stm32f4xx_it.o
                0x0000000008000af4                DebugMon_Handler
 .text.PendSV_Handler
                0x0000000008000b02        0xe ./Core/Src/stm32f4xx_it.o
                0x0000000008000b02                PendSV_Handler
 .text.SysTick_Handler
                0x0000000008000b10        0xc ./Core/Src/stm32f4xx_it.o
                0x0000000008000b10                SysTick_Handler
 .text.SystemInit
                0x0000000008000b1c       0x24 ./Core/Src/system_stm32f4xx.o
                0x0000000008000b1c                SystemInit
 .text.delay    0x0000000008000b40       0x30 ./Core/Src/tft.o
                0x0000000008000b40                delay
 .text.PIN_LOW  0x0000000008000b70       0x20 ./Core/Src/tft.o
                0x0000000008000b70                PIN_LOW
 .text.PIN_HIGH
                0x0000000008000b90       0x20 ./Core/Src/tft.o
                0x0000000008000b90                PIN_HIGH
 .text.PIN_INPUT
                0x0000000008000bb0       0x2c ./Core/Src/tft.o
                0x0000000008000bb0                PIN_INPUT
 .text.PIN_OUTPUT
                0x0000000008000bdc       0x30 ./Core/Src/tft.o
                0x0000000008000bdc                PIN_OUTPUT
 .text.width    0x0000000008000c0c       0x18 ./Core/Src/tft.o
                0x0000000008000c0c                width
 .text.height   0x0000000008000c24       0x18 ./Core/Src/tft.o
                0x0000000008000c24                height
 .text.color565_to_555
                0x0000000008000c3c       0x40 ./Core/Src/tft.o
 .text.color555_to_565
                0x0000000008000c7c       0x42 ./Core/Src/tft.o
 .text.color565_to_r
                0x0000000008000cbe       0x22 ./Core/Src/tft.o
 .text.color565_to_g
                0x0000000008000ce0       0x22 ./Core/Src/tft.o
 .text.color565_to_b
                0x0000000008000d02       0x1c ./Core/Src/tft.o
 .text.color565
                0x0000000008000d1e       0x4c ./Core/Src/tft.o
                0x0000000008000d1e                color565
 .text.readPixel
                0x0000000008000d6a       0x30 ./Core/Src/tft.o
                0x0000000008000d6a                readPixel
 .text.WriteCmdData
                0x0000000008000d9a       0x24 ./Core/Src/tft.o
                0x0000000008000d9a                WriteCmdData
 .text.pushCommand
                0x0000000008000dbe       0x26 ./Core/Src/tft.o
                0x0000000008000dbe                pushCommand
 .text.startWrite
                0x0000000008000de4        0xe ./Core/Src/tft.o
                0x0000000008000de4                startWrite
 .text.endWrite
                0x0000000008000df2        0xe ./Core/Src/tft.o
                0x0000000008000df2                endWrite
 .text.setReadDir
                0x0000000008000e00       0x54 ./Core/Src/tft.o
                0x0000000008000e00                setReadDir
 .text.setWriteDir
                0x0000000008000e54       0x54 ./Core/Src/tft.o
                0x0000000008000e54                setWriteDir
 .text.write24  0x0000000008000ea8      0x114 ./Core/Src/tft.o
 .text.writecmddata
                0x0000000008000fbc      0x174 ./Core/Src/tft.o
 .text.WriteCmdParamN
                0x0000000008001130      0x204 ./Core/Src/tft.o
 .text.WriteCmdParam4
                0x0000000008001334       0x48 ./Core/Src/tft.o
 .text.init_table
                0x000000000800137c       0xb2 ./Core/Src/tft.o
 .text.init_table16
                0x000000000800142e       0x60 ./Core/Src/tft.o
 *fill*         0x000000000800148e        0x2 
 .text.reset    0x0000000008001490       0x8c ./Core/Src/tft.o
                0x0000000008001490                reset
 .text.read16bits
                0x000000000800151c      0x19c ./Core/Src/tft.o
 .text.readReg  0x00000000080016b8      0x11c ./Core/Src/tft.o
                0x00000000080016b8                readReg
 .text.readReg32
                0x00000000080017d4       0x36 ./Core/Src/tft.o
                0x00000000080017d4                readReg32
 .text.readReg40
                0x000000000800180a       0x4e ./Core/Src/tft.o
                0x000000000800180a                readReg40
 .text.tft_init
                0x0000000008001858      0x780 ./Core/Src/tft.o
                0x0000000008001858                tft_init
 .text.readID   0x0000000008001fd8      0x280 ./Core/Src/tft.o
                0x0000000008001fd8                readID
 .text.readGRAM
                0x0000000008002258      0x9f0 ./Core/Src/tft.o
                0x0000000008002258                readGRAM
 .text.setRotation
                0x0000000008002c48      0x510 ./Core/Src/tft.o
                0x0000000008002c48                setRotation
 .text.drawPixel
                0x0000000008003158      0x16c ./Core/Src/tft.o
                0x0000000008003158                drawPixel
 .text.setAddrWindow
                0x00000000080032c4      0x248 ./Core/Src/tft.o
                0x00000000080032c4                setAddrWindow
 .text.vertScroll
                0x000000000800350c      0x24c ./Core/Src/tft.o
                0x000000000800350c                vertScroll
 .text.fillScreen
                0x0000000008003758       0x34 ./Core/Src/tft.o
                0x0000000008003758                fillScreen
 .text.invertDisplay
                0x000000000800378c      0x14c ./Core/Src/tft.o
                0x000000000800378c                invertDisplay
 .text.writePixel
                0x00000000080038d8       0x2a ./Core/Src/tft.o
                0x00000000080038d8                writePixel
 *fill*         0x0000000008003902        0x2 
 .text.fillRect
                0x0000000008003904      0x30c ./Core/Src/tft.o
                0x0000000008003904                fillRect
 .text.drawRGBBitmap
                0x0000000008003c10       0x9c ./Core/Src/tft.o
                0x0000000008003c10                drawRGBBitmap
 .text.Reset_Handler
                0x0000000008003cac       0x50 ./Core/Startup/startup_stm32f411ceux.o
                0x0000000008003cac                Reset_Handler
 .text.Default_Handler
                0x0000000008003cfc        0x2 ./Core/Startup/startup_stm32f411ceux.o
                0x0000000008003cfc                RTC_Alarm_IRQHandler
                0x0000000008003cfc                EXTI2_IRQHandler
                0x0000000008003cfc                SPI4_IRQHandler
                0x0000000008003cfc                TIM1_CC_IRQHandler
                0x0000000008003cfc                DMA2_Stream5_IRQHandler
                0x0000000008003cfc                DMA1_Stream5_IRQHandler
                0x0000000008003cfc                PVD_IRQHandler
                0x0000000008003cfc                SDIO_IRQHandler
                0x0000000008003cfc                TAMP_STAMP_IRQHandler
                0x0000000008003cfc                EXTI3_IRQHandler
                0x0000000008003cfc                TIM1_UP_TIM10_IRQHandler
                0x0000000008003cfc                I2C3_ER_IRQHandler
                0x0000000008003cfc                EXTI0_IRQHandler
                0x0000000008003cfc                I2C2_EV_IRQHandler
                0x0000000008003cfc                DMA1_Stream2_IRQHandler
                0x0000000008003cfc                FPU_IRQHandler
                0x0000000008003cfc                DMA2_Stream2_IRQHandler
                0x0000000008003cfc                SPI1_IRQHandler
                0x0000000008003cfc                TIM1_BRK_TIM9_IRQHandler
                0x0000000008003cfc                DMA2_Stream3_IRQHandler
                0x0000000008003cfc                USART6_IRQHandler
                0x0000000008003cfc                DMA2_Stream0_IRQHandler
                0x0000000008003cfc                TIM4_IRQHandler
                0x0000000008003cfc                I2C1_EV_IRQHandler
                0x0000000008003cfc                DMA1_Stream6_IRQHandler
                0x0000000008003cfc                DMA1_Stream1_IRQHandler
                0x0000000008003cfc                TIM3_IRQHandler
                0x0000000008003cfc                RCC_IRQHandler
                0x0000000008003cfc                Default_Handler
                0x0000000008003cfc                EXTI15_10_IRQHandler
                0x0000000008003cfc                ADC_IRQHandler
                0x0000000008003cfc                DMA1_Stream7_IRQHandler
                0x0000000008003cfc                SPI5_IRQHandler
                0x0000000008003cfc                TIM5_IRQHandler
                0x0000000008003cfc                DMA2_Stream7_IRQHandler
                0x0000000008003cfc                I2C3_EV_IRQHandler
                0x0000000008003cfc                EXTI9_5_IRQHandler
                0x0000000008003cfc                RTC_WKUP_IRQHandler
                0x0000000008003cfc                SPI2_IRQHandler
                0x0000000008003cfc                DMA1_Stream0_IRQHandler
                0x0000000008003cfc                EXTI4_IRQHandler
                0x0000000008003cfc                WWDG_IRQHandler
                0x0000000008003cfc                TIM2_IRQHandler
                0x0000000008003cfc                OTG_FS_WKUP_IRQHandler
                0x0000000008003cfc                TIM1_TRG_COM_TIM11_IRQHandler
                0x0000000008003cfc                EXTI1_IRQHandler
                0x0000000008003cfc                USART2_IRQHandler
                0x0000000008003cfc                I2C2_ER_IRQHandler
                0x0000000008003cfc                DMA2_Stream1_IRQHandler
                0x0000000008003cfc                FLASH_IRQHandler
                0x0000000008003cfc                DMA2_Stream4_IRQHandler
                0x0000000008003cfc                USART1_IRQHandler
                0x0000000008003cfc                OTG_FS_IRQHandler
                0x0000000008003cfc                SPI3_IRQHandler
                0x0000000008003cfc                DMA1_Stream4_IRQHandler
                0x0000000008003cfc                I2C1_ER_IRQHandler
                0x0000000008003cfc                DMA2_Stream6_IRQHandler
                0x0000000008003cfc                DMA1_Stream3_IRQHandler
 *fill*         0x0000000008003cfe        0x2 
 .text.HAL_Init
                0x0000000008003d00       0x44 ./Drivers/STM32F4xx_HAL_Driver/Src/stm32f4xx_hal.o
                0x0000000008003d00                HAL_Init
 .text.HAL_InitTick
                0x0000000008003d44       0x60 ./Drivers/STM32F4xx_HAL_Driver/Src/stm32f4xx_hal.o
                0x0000000008003d44                HAL_InitTick
 .text.HAL_IncTick
                0x0000000008003da4       0x28 ./Drivers/STM32F4xx_HAL_Driver/Src/stm32f4xx_hal.o
                0x0000000008003da4                HAL_IncTick
 .text.HAL_GetTick
                0x0000000008003dcc       0x18 ./Drivers/STM32F4xx_HAL_Driver/Src/stm32f4xx_hal.o
                0x0000000008003dcc                HAL_GetTick
 .text.HAL_Delay
                0x0000000008003de4       0x48 ./Drivers/STM32F4xx_HAL_Driver/Src/stm32f4xx_hal.o
                0x0000000008003de4                HAL_Delay
 .text.HAL_ADC_Init
                0x0000000008003e2c       0x86 ./Drivers/STM32F4xx_HAL_Driver/Src/stm32f4xx_hal_adc.o
                0x0000000008003e2c                HAL_ADC_Init
 *fill*         0x0000000008003eb2        0x2 
 .text.HAL_ADC_ConfigChannel
                0x0000000008003eb4      0x264 ./Drivers/STM32F4xx_HAL_Driver/Src/stm32f4xx_hal_adc.o
                0x0000000008003eb4                HAL_ADC_ConfigChannel
 .text.ADC_Init
                0x0000000008004118      0x1f8 ./Drivers/STM32F4xx_HAL_Driver/Src/stm32f4xx_hal_adc.o
 .text.__NVIC_SetPriorityGrouping
                0x0000000008004310       0x48 ./Drivers/STM32F4xx_HAL_Driver/Src/stm32f4xx_hal_cortex.o
 .text.__NVIC_GetPriorityGrouping
                0x0000000008004358       0x1c ./Drivers/STM32F4xx_HAL_Driver/Src/stm32f4xx_hal_cortex.o
 .text.__NVIC_SetPriority
                0x0000000008004374       0x54 ./Drivers/STM32F4xx_HAL_Driver/Src/stm32f4xx_hal_cortex.o
 .text.NVIC_EncodePriority
                0x00000000080043c8       0x66 ./Drivers/STM32F4xx_HAL_Driver/Src/stm32f4xx_hal_cortex.o
 *fill*         0x000000000800442e        0x2 
 .text.SysTick_Config
                0x0000000008004430       0x44 ./Drivers/STM32F4xx_HAL_Driver/Src/stm32f4xx_hal_cortex.o
 .text.HAL_NVIC_SetPriorityGrouping
                0x0000000008004474       0x16 ./Drivers/STM32F4xx_HAL_Driver/Src/stm32f4xx_hal_cortex.o
                0x0000000008004474                HAL_NVIC_SetPriorityGrouping
 .text.HAL_NVIC_SetPriority
                0x000000000800448a       0x38 ./Drivers/STM32F4xx_HAL_Driver/Src/stm32f4xx_hal_cortex.o
                0x000000000800448a                HAL_NVIC_SetPriority
 .text.HAL_SYSTICK_Config
                0x00000000080044c2       0x18 ./Drivers/STM32F4xx_HAL_Driver/Src/stm32f4xx_hal_cortex.o
                0x00000000080044c2                HAL_SYSTICK_Config
 .text.HAL_CRC_Init
                0x00000000080044da       0x38 ./Drivers/STM32F4xx_HAL_Driver/Src/stm32f4xx_hal_crc.o
                0x00000000080044da                HAL_CRC_Init
 *fill*         0x0000000008004512        0x2 
 .text.HAL_GPIO_Init
                0x0000000008004514      0x308 ./Drivers/STM32F4xx_HAL_Driver/Src/stm32f4xx_hal_gpio.o
                0x0000000008004514                HAL_GPIO_Init
 .text.HAL_GPIO_WritePin
                0x000000000800481c       0x32 ./Drivers/STM32F4xx_HAL_Driver/Src/stm32f4xx_hal_gpio.o
                0x000000000800481c                HAL_GPIO_WritePin
 *fill*         0x000000000800484e        0x2 
 .text.HAL_RCC_OscConfig
                0x0000000008004850      0x4f0 ./Drivers/STM32F4xx_HAL_Driver/Src/stm32f4xx_hal_rcc.o
                0x0000000008004850                HAL_RCC_OscConfig
 .text.HAL_RCC_ClockConfig
                0x0000000008004d40      0x1cc ./Drivers/STM32F4xx_HAL_Driver/Src/stm32f4xx_hal_rcc.o
                0x0000000008004d40                HAL_RCC_ClockConfig
 .text.HAL_RCC_GetSysClockFreq
                0x0000000008004f0c      0x18c ./Drivers/STM32F4xx_HAL_Driver/Src/stm32f4xx_hal_rcc.o
                0x0000000008004f0c                HAL_RCC_GetSysClockFreq
 .text.HAL_RCC_GetHCLKFreq
                0x0000000008005098       0x18 ./Drivers/STM32F4xx_HAL_Driver/Src/stm32f4xx_hal_rcc.o
                0x0000000008005098                HAL_RCC_GetHCLKFreq
 .text.HAL_RCC_GetPCLK1Freq
                0x00000000080050b0       0x28 ./Drivers/STM32F4xx_HAL_Driver/Src/stm32f4xx_hal_rcc.o
                0x00000000080050b0                HAL_RCC_GetPCLK1Freq
 .text.HAL_RCC_GetPCLK2Freq
                0x00000000080050d8       0x28 ./Drivers/STM32F4xx_HAL_Driver/Src/stm32f4xx_hal_rcc.o
                0x00000000080050d8                HAL_RCC_GetPCLK2Freq
 .text.HAL_TIM_Base_Init
                0x0000000008005100       0x9e ./Drivers/STM32F4xx_HAL_Driver/Src/stm32f4xx_hal_tim.o
                0x0000000008005100                HAL_TIM_Base_Init
 *fill*         0x000000000800519e        0x2 
 .text.HAL_TIM_Base_Start
                0x00000000080051a0       0xb4 ./Drivers/STM32F4xx_HAL_Driver/Src/stm32f4xx_hal_tim.o
                0x00000000080051a0                HAL_TIM_Base_Start
 .text.HAL_TIM_ConfigClockSource
                0x0000000008005254      0x18e ./Drivers/STM32F4xx_HAL_Driver/Src/stm32f4xx_hal_tim.o
                0x0000000008005254                HAL_TIM_ConfigClockSource
 *fill*         0x00000000080053e2        0x2 
 .text.TIM_Base_SetConfig
                0x00000000080053e4      0x100 ./Drivers/STM32F4xx_HAL_Driver/Src/stm32f4xx_hal_tim.o
                0x00000000080053e4                TIM_Base_SetConfig
 .text.TIM_TI1_ConfigInputStage
                0x00000000080054e4       0x5e ./Drivers/STM32F4xx_HAL_Driver/Src/stm32f4xx_hal_tim.o
 .text.TIM_TI2_ConfigInputStage
                0x0000000008005542       0x60 ./Drivers/STM32F4xx_HAL_Driver/Src/stm32f4xx_hal_tim.o
 .text.TIM_ITRx_SetConfig
                0x00000000080055a2       0x36 ./Drivers/STM32F4xx_HAL_Driver/Src/stm32f4xx_hal_tim.o
 .text.TIM_ETR_SetConfig
                0x00000000080055d8       0x40 ./Drivers/STM32F4xx_HAL_Driver/Src/stm32f4xx_hal_tim.o
                0x00000000080055d8                TIM_ETR_SetConfig
 .text.HAL_TIMEx_MasterConfigSynchronization
                0x0000000008005618       0xdc ./Drivers/STM32F4xx_HAL_Driver/Src/stm32f4xx_hal_tim_ex.o
                0x0000000008005618                HAL_TIMEx_MasterConfigSynchronization
 .text.HAL_UART_Init
                0x00000000080056f4       0x9a ./Drivers/STM32F4xx_HAL_Driver/Src/stm32f4xx_hal_uart.o
                0x00000000080056f4                HAL_UART_Init
 *fill*         0x000000000800578e        0x2 
 .text.UART_SetConfig
                0x0000000008005790      0x4e8 ./Drivers/STM32F4xx_HAL_Driver/Src/stm32f4xx_hal_uart.o
 .text.memset   0x0000000008005c78       0x10 C:/ST/STM32CubeIDE_1.13.2/STM32CubeIDE/plugins/com.st.stm32cube.ide.mcu.externaltools.gnu-tools-for-stm32.11.3.rel1.win32_1.1.1.202309131626/tools/bin/../lib/gcc/arm-none-eabi/11.3.1/../../../../arm-none-eabi/lib/thumb/v7e-m+fp/hard\libc_nano.a(libc_a-memset.o)
                0x0000000008005c78                memset
 .text.__libc_init_array
                0x0000000008005c88       0x48 C:/ST/STM32CubeIDE_1.13.2/STM32CubeIDE/plugins/com.st.stm32cube.ide.mcu.externaltools.gnu-tools-for-stm32.11.3.rel1.win32_1.1.1.202309131626/tools/bin/../lib/gcc/arm-none-eabi/11.3.1/../../../../arm-none-eabi/lib/thumb/v7e-m+fp/hard\libc_nano.a(libc_a-init.o)
                0x0000000008005c88                __libc_init_array
 *(.glue_7)
 .glue_7        0x0000000008005cd0        0x0 linker stubs
 *(.glue_7t)
 .glue_7t       0x0000000008005cd0        0x0 linker stubs
 *(.eh_frame)
 .eh_frame      0x0000000008005cd0        0x0 C:/ST/STM32CubeIDE_1.13.2/STM32CubeIDE/plugins/com.st.stm32cube.ide.mcu.externaltools.gnu-tools-for-stm32.11.3.rel1.win32_1.1.1.202309131626/tools/bin/../lib/gcc/arm-none-eabi/11.3.1/thumb/v7e-m+fp/hard/crtbegin.o
 *(.init)
 .init          0x0000000008005cd0        0x4 C:/ST/STM32CubeIDE_1.13.2/STM32CubeIDE/plugins/com.st.stm32cube.ide.mcu.externaltools.gnu-tools-for-stm32.11.3.rel1.win32_1.1.1.202309131626/tools/bin/../lib/gcc/arm-none-eabi/11.3.1/thumb/v7e-m+fp/hard/crti.o
                0x0000000008005cd0                _init
 .init          0x0000000008005cd4        0x8 C:/ST/STM32CubeIDE_1.13.2/STM32CubeIDE/plugins/com.st.stm32cube.ide.mcu.externaltools.gnu-tools-for-stm32.11.3.rel1.win32_1.1.1.202309131626/tools/bin/../lib/gcc/arm-none-eabi/11.3.1/thumb/v7e-m+fp/hard/crtn.o
 *(.fini)
 .fini          0x0000000008005cdc        0x4 C:/ST/STM32CubeIDE_1.13.2/STM32CubeIDE/plugins/com.st.stm32cube.ide.mcu.externaltools.gnu-tools-for-stm32.11.3.rel1.win32_1.1.1.202309131626/tools/bin/../lib/gcc/arm-none-eabi/11.3.1/thumb/v7e-m+fp/hard/crti.o
                0x0000000008005cdc                _fini
 .fini          0x0000000008005ce0        0x8 C:/ST/STM32CubeIDE_1.13.2/STM32CubeIDE/plugins/com.st.stm32cube.ide.mcu.externaltools.gnu-tools-for-stm32.11.3.rel1.win32_1.1.1.202309131626/tools/bin/../lib/gcc/arm-none-eabi/11.3.1/thumb/v7e-m+fp/hard/crtn.o
                0x0000000008005ce8                . = ALIGN (0x4)
                0x0000000008005ce8                _etext = .

.vfp11_veneer   0x0000000008005ce8        0x0
 .vfp11_veneer  0x0000000008005ce8        0x0 linker stubs

.v4_bx          0x0000000008005ce8        0x0
 .v4_bx         0x0000000008005ce8        0x0 linker stubs

.iplt           0x0000000008005ce8        0x0
 .iplt          0x0000000008005ce8        0x0 C:/ST/STM32CubeIDE_1.13.2/STM32CubeIDE/plugins/com.st.stm32cube.ide.mcu.externaltools.gnu-tools-for-stm32.11.3.rel1.win32_1.1.1.202309131626/tools/bin/../lib/gcc/arm-none-eabi/11.3.1/thumb/v7e-m+fp/hard/crtbegin.o

.rodata         0x0000000008005ce8    0x25d5c
                0x0000000008005ce8                . = ALIGN (0x4)
 *(.rodata)
 .rodata        0x0000000008005ce8        0x3 ./Core/Src/tft.o
 *(.rodata*)
 *fill*         0x0000000008005ceb        0x1 
 .rodata.image_data_logo2
                0x0000000008005cec    0x25800 ./Core/Src/logo.o
                0x0000000008005cec                image_data_logo2
 .rodata.AHBPrescTable
                0x000000000802b4ec       0x10 ./Core/Src/system_stm32f4xx.o
                0x000000000802b4ec                AHBPrescTable
 .rodata.APBPrescTable
                0x000000000802b4fc        0x8 ./Core/Src/system_stm32f4xx.o
                0x000000000802b4fc                APBPrescTable
 .rodata.R61511_regValues.31
                0x000000000802b504        0x3 ./Core/Src/tft.o
 *fill*         0x000000000802b507        0x1 
 .rodata.R61520_regValues.30
                0x000000000802b508        0x6 ./Core/Src/tft.o
 *fill*         0x000000000802b50e        0x2 
 .rodata.R61526_regValues.29
                0x000000000802b510        0xc ./Core/Src/tft.o
 .rodata.NT35310_regValues.28
                0x000000000802b51c        0x2 ./Core/Src/tft.o
 *fill*         0x000000000802b51e        0x2 
 .rodata.RM68140_regValues_max.27
                0x000000000802b520        0x3 ./Core/Src/tft.o
 *fill*         0x000000000802b523        0x1 
 .rodata.ST7789_regValues.26
                0x000000000802b524       0x41 ./Core/Src/tft.o
 *fill*         0x000000000802b565        0x3 
 .rodata.FK8031_regValues.25
                0x000000000802b568       0x12 ./Core/Src/tft.o
 *fill*         0x000000000802b57a        0x2 
 .rodata.HX8357C_regValues.24
                0x000000000802b57c        0x2 ./Core/Src/tft.o
 *fill*         0x000000000802b57e        0x2 
 .rodata.HX8357_99_regValues.23
                0x000000000802b580       0x1d ./Core/Src/tft.o
 *fill*         0x000000000802b59d        0x3 
 .rodata.ILI9320_regValues.22
                0x000000000802b5a0       0xd8 ./Core/Src/tft.o
 .rodata.ILI9325_regValues.21
                0x000000000802b678       0xcc ./Core/Src/tft.o
 .rodata.ILI9327_regValues.20
                0x000000000802b744       0x1e ./Core/Src/tft.o
 *fill*         0x000000000802b762        0x2 
 .rodata.XX1602_regValues.19
                0x000000000802b764        0x6 ./Core/Src/tft.o
 *fill*         0x000000000802b76a        0x2 
 .rodata.ILI9329_regValues.18
                0x000000000802b76c        0x3 ./Core/Src/tft.o
 *fill*         0x000000000802b76f        0x1 
 .rodata.ILI9341_regValues_2_4.17
                0x000000000802b770       0x65 ./Core/Src/tft.o
 *fill*         0x000000000802b7d5        0x3 
 .rodata.ILI9342_regValues_CPT24.16
                0x000000000802b7d8       0x38 ./Core/Src/tft.o
 .rodata.ILI9481_regValues.15
                0x000000000802b810       0x45 ./Core/Src/tft.o
 *fill*         0x000000000802b855        0x3 
 .rodata.ILI9486_regValues.14
                0x000000000802b858       0x3b ./Core/Src/tft.o
 *fill*         0x000000000802b893        0x1 
 .rodata.ILI9488_regValues_max.13
                0x000000000802b894       0x2b ./Core/Src/tft.o
 *fill*         0x000000000802b8bf        0x1 
 .rodata.R61505V_regValues.12
                0x000000000802b8c0       0xb0 ./Core/Src/tft.o
 .rodata.R61509V_regValues.11
                0x000000000802b970       0xc0 ./Core/Src/tft.o
 .rodata.reset_off.10
                0x000000000802ba30        0x9 ./Core/Src/tft.o
 *fill*         0x000000000802ba39        0x3 
 .rodata.wake_on.9
                0x000000000802ba3c        0x6 ./Core/Src/tft.o
                0x000000000802ba44                . = ALIGN (0x4)
 *fill*         0x000000000802ba42        0x2 

.ARM.extab      0x000000000802ba44        0x0
                0x000000000802ba44                . = ALIGN (0x4)
 *(.ARM.extab* .gnu.linkonce.armextab.*)
                0x000000000802ba44                . = ALIGN (0x4)

.ARM            0x000000000802ba44        0x8
                0x000000000802ba44                . = ALIGN (0x4)
                0x000000000802ba44                __exidx_start = .
 *(.ARM.exidx*)
 .ARM.exidx     0x000000000802ba44        0x8 C:/ST/STM32CubeIDE_1.13.2/STM32CubeIDE/plugins/com.st.stm32cube.ide.mcu.externaltools.gnu-tools-for-stm32.11.3.rel1.win32_1.1.1.202309131626/tools/bin/../lib/gcc/arm-none-eabi/11.3.1/thumb/v7e-m+fp/hard\libgcc.a(_udivmoddi4.o)
                0x000000000802ba4c                __exidx_end = .
                0x000000000802ba4c                . = ALIGN (0x4)

.rel.dyn        0x000000000802ba4c        0x0
 .rel.iplt      0x000000000802ba4c        0x0 C:/ST/STM32CubeIDE_1.13.2/STM32CubeIDE/plugins/com.st.stm32cube.ide.mcu.externaltools.gnu-tools-for-stm32.11.3.rel1.win32_1.1.1.202309131626/tools/bin/../lib/gcc/arm-none-eabi/11.3.1/thumb/v7e-m+fp/hard/crtbegin.o

.preinit_array  0x000000000802ba4c        0x0
                0x000000000802ba4c                . = ALIGN (0x4)
                0x000000000802ba4c                PROVIDE (__preinit_array_start = .)
 *(.preinit_array*)
                0x000000000802ba4c                PROVIDE (__preinit_array_end = .)
                0x000000000802ba4c                . = ALIGN (0x4)

.init_array     0x000000000802ba4c        0x4
                0x000000000802ba4c                . = ALIGN (0x4)
                0x000000000802ba4c                PROVIDE (__init_array_start = .)
 *(SORT_BY_NAME(.init_array.*))
 *(.init_array*)
 .init_array    0x000000000802ba4c        0x4 C:/ST/STM32CubeIDE_1.13.2/STM32CubeIDE/plugins/com.st.stm32cube.ide.mcu.externaltools.gnu-tools-for-stm32.11.3.rel1.win32_1.1.1.202309131626/tools/bin/../lib/gcc/arm-none-eabi/11.3.1/thumb/v7e-m+fp/hard/crtbegin.o
                0x000000000802ba50                PROVIDE (__init_array_end = .)
                0x000000000802ba50                . = ALIGN (0x4)

.fini_array     0x000000000802ba50        0x4
                0x000000000802ba50                . = ALIGN (0x4)
                [!provide]                        PROVIDE (__fini_array_start = .)
 *(SORT_BY_NAME(.fini_array.*))
 *(.fini_array*)
 .fini_array    0x000000000802ba50        0x4 C:/ST/STM32CubeIDE_1.13.2/STM32CubeIDE/plugins/com.st.stm32cube.ide.mcu.externaltools.gnu-tools-for-stm32.11.3.rel1.win32_1.1.1.202309131626/tools/bin/../lib/gcc/arm-none-eabi/11.3.1/thumb/v7e-m+fp/hard/crtbegin.o
                [!provide]                        PROVIDE (__fini_array_end = .)
                0x000000000802ba54                . = ALIGN (0x4)
                0x000000000802ba54                _sidata = LOADADDR (.data)

.data           0x0000000020000000       0x10 load address 0x000000000802ba54
                0x0000000020000000                . = ALIGN (0x4)
                0x0000000020000000                _sdata = .
 *(.data)
 *(.data*)
 .data.SystemCoreClock
                0x0000000020000000        0x4 ./Core/Src/system_stm32f4xx.o
                0x0000000020000000                SystemCoreClock
 .data._width   0x0000000020000004        0x2 ./Core/Src/tft.o
                0x0000000020000004                _width
 .data._height  0x0000000020000006        0x2 ./Core/Src/tft.o
                0x0000000020000006                _height
 .data.uwTickPrio
                0x0000000020000008        0x4 ./Drivers/STM32F4xx_HAL_Driver/Src/stm32f4xx_hal.o
                0x0000000020000008                uwTickPrio
 .data.uwTickFreq
                0x000000002000000c        0x1 ./Drivers/STM32F4xx_HAL_Driver/Src/stm32f4xx_hal.o
                0x000000002000000c                uwTickFreq
 *(.RamFunc)
 *(.RamFunc*)
                0x0000000020000010                . = ALIGN (0x4)
 *fill*         0x000000002000000d        0x3 
                0x0000000020000010                _edata = .

.igot.plt       0x0000000020000010        0x0 load address 0x000000000802ba64
 .igot.plt      0x0000000020000010        0x0 C:/ST/STM32CubeIDE_1.13.2/STM32CubeIDE/plugins/com.st.stm32cube.ide.mcu.externaltools.gnu-tools-for-stm32.11.3.rel1.win32_1.1.1.202309131626/tools/bin/../lib/gcc/arm-none-eabi/11.3.1/thumb/v7e-m+fp/hard/crtbegin.o
                0x0000000020000010                . = ALIGN (0x4)

.bss            0x0000000020000010      0x120 load address 0x000000000802ba64
                0x0000000020000010                _sbss = .
                0x0000000020000010                __bss_start__ = _sbss
 *(.bss)
 .bss           0x0000000020000010       0x1c C:/ST/STM32CubeIDE_1.13.2/STM32CubeIDE/plugins/com.st.stm32cube.ide.mcu.externaltools.gnu-tools-for-stm32.11.3.rel1.win32_1.1.1.202309131626/tools/bin/../lib/gcc/arm-none-eabi/11.3.1/thumb/v7e-m+fp/hard/crtbegin.o
 *(.bss*)
 .bss.hadc1     0x000000002000002c       0x48 ./Core/Src/main.o
                0x000000002000002c                hadc1
 .bss.hcrc      0x0000000020000074        0x8 ./Core/Src/main.o
                0x0000000020000074                hcrc
 .bss.htim1     0x000000002000007c       0x48 ./Core/Src/main.o
                0x000000002000007c                htim1
 .bss.huart1    0x00000000200000c4       0x44 ./Core/Src/main.o
                0x00000000200000c4                huart1
 .bss.ID        0x0000000020000108        0x4 ./Core/Src/main.o
                0x0000000020000108                ID
 .bss.done_reset
                0x000000002000010c        0x1 ./Core/Src/tft.o
 .bss.is8347    0x000000002000010d        0x1 ./Core/Src/tft.o
 .bss.is555     0x000000002000010e        0x1 ./Core/Src/tft.o
 .bss.is9797    0x000000002000010f        0x1 ./Core/Src/tft.o
 .bss.rotation  0x0000000020000110        0x1 ./Core/Src/tft.o
                0x0000000020000110                rotation
 *fill*         0x0000000020000111        0x1 
 .bss._lcd_xor  0x0000000020000112        0x2 ./Core/Src/tft.o
                0x0000000020000112                _lcd_xor
 .bss._lcd_capable
                0x0000000020000114        0x2 ./Core/Src/tft.o
                0x0000000020000114                _lcd_capable
 .bss._lcd_ID   0x0000000020000116        0x2 ./Core/Src/tft.o
                0x0000000020000116                _lcd_ID
 .bss._lcd_rev  0x0000000020000118        0x2 ./Core/Src/tft.o
                0x0000000020000118                _lcd_rev
 .bss._lcd_madctl
                0x000000002000011a        0x2 ./Core/Src/tft.o
                0x000000002000011a                _lcd_madctl
 .bss._MC       0x000000002000011c        0x2 ./Core/Src/tft.o
                0x000000002000011c                _MC
 .bss._MP       0x000000002000011e        0x2 ./Core/Src/tft.o
                0x000000002000011e                _MP
 .bss._MW       0x0000000020000120        0x2 ./Core/Src/tft.o
                0x0000000020000120                _MW
 .bss._SC       0x0000000020000122        0x2 ./Core/Src/tft.o
                0x0000000020000122                _SC
 .bss._EC       0x0000000020000124        0x2 ./Core/Src/tft.o
                0x0000000020000124                _EC
 .bss._SP       0x0000000020000126        0x2 ./Core/Src/tft.o
                0x0000000020000126                _SP
 .bss._EP       0x0000000020000128        0x2 ./Core/Src/tft.o
                0x0000000020000128                _EP
 *fill*         0x000000002000012a        0x2 
 .bss.uwTick    0x000000002000012c        0x4 ./Drivers/STM32F4xx_HAL_Driver/Src/stm32f4xx_hal.o
                0x000000002000012c                uwTick
 *(COMMON)
                0x0000000020000130                . = ALIGN (0x4)
                0x0000000020000130                _ebss = .
                0x0000000020000130                __bss_end__ = _ebss

._user_heap_stack
                0x0000000020000130      0x600 load address 0x000000000802ba64
                0x0000000020000130                . = ALIGN (0x8)
                [!provide]                        PROVIDE (end = .)
                0x0000000020000130                PROVIDE (_end = .)
                0x0000000020000330                . = (. + _Min_Heap_Size)
 *fill*         0x0000000020000130      0x200 
                0x0000000020000730                . = (. + _Min_Stack_Size)
 *fill*         0x0000000020000330      0x400 
                0x0000000020000730                . = ALIGN (0x8)

/DISCARD/
 libc.a(*)
 libm.a(*)
 libgcc.a(*)

.ARM.attributes
                0x0000000000000000       0x30
 *(.ARM.attributes)
 .ARM.attributes
                0x0000000000000000       0x1e C:/ST/STM32CubeIDE_1.13.2/STM32CubeIDE/plugins/com.st.stm32cube.ide.mcu.externaltools.gnu-tools-for-stm32.11.3.rel1.win32_1.1.1.202309131626/tools/bin/../lib/gcc/arm-none-eabi/11.3.1/thumb/v7e-m+fp/hard/crti.o
 .ARM.attributes
                0x000000000000001e       0x34 C:/ST/STM32CubeIDE_1.13.2/STM32CubeIDE/plugins/com.st.stm32cube.ide.mcu.externaltools.gnu-tools-for-stm32.11.3.rel1.win32_1.1.1.202309131626/tools/bin/../lib/gcc/arm-none-eabi/11.3.1/thumb/v7e-m+fp/hard/crtbegin.o
 .ARM.attributes
                0x0000000000000052       0x34 ./Core/Src/logo.o
 .ARM.attributes
                0x0000000000000086       0x34 ./Core/Src/main.o
 .ARM.attributes
                0x00000000000000ba       0x34 ./Core/Src/stm32f4xx_hal_msp.o
 .ARM.attributes
                0x00000000000000ee       0x34 ./Core/Src/stm32f4xx_it.o
 .ARM.attributes
                0x0000000000000122       0x34 ./Core/Src/system_stm32f4xx.o
 .ARM.attributes
                0x0000000000000156       0x34 ./Core/Src/tft.o
 .ARM.attributes
                0x000000000000018a       0x21 ./Core/Startup/startup_stm32f411ceux.o
 .ARM.attributes
                0x00000000000001ab       0x34 ./Drivers/STM32F4xx_HAL_Driver/Src/stm32f4xx_hal.o
 .ARM.attributes
                0x00000000000001df       0x34 ./Drivers/STM32F4xx_HAL_Driver/Src/stm32f4xx_hal_adc.o
 .ARM.attributes
                0x0000000000000213       0x34 ./Drivers/STM32F4xx_HAL_Driver/Src/stm32f4xx_hal_cortex.o
 .ARM.attributes
                0x0000000000000247       0x34 ./Drivers/STM32F4xx_HAL_Driver/Src/stm32f4xx_hal_crc.o
 .ARM.attributes
                0x000000000000027b       0x34 ./Drivers/STM32F4xx_HAL_Driver/Src/stm32f4xx_hal_gpio.o
 .ARM.attributes
                0x00000000000002af       0x34 ./Drivers/STM32F4xx_HAL_Driver/Src/stm32f4xx_hal_rcc.o
 .ARM.attributes
                0x00000000000002e3       0x34 ./Drivers/STM32F4xx_HAL_Driver/Src/stm32f4xx_hal_tim.o
 .ARM.attributes
                0x0000000000000317       0x34 ./Drivers/STM32F4xx_HAL_Driver/Src/stm32f4xx_hal_tim_ex.o
 .ARM.attributes
                0x000000000000034b       0x34 ./Drivers/STM32F4xx_HAL_Driver/Src/stm32f4xx_hal_uart.o
 .ARM.attributes
                0x000000000000037f       0x34 C:/ST/STM32CubeIDE_1.13.2/STM32CubeIDE/plugins/com.st.stm32cube.ide.mcu.externaltools.gnu-tools-for-stm32.11.3.rel1.win32_1.1.1.202309131626/tools/bin/../lib/gcc/arm-none-eabi/11.3.1/../../../../arm-none-eabi/lib/thumb/v7e-m+fp/hard\libc_nano.a(libc_a-memset.o)
 .ARM.attributes
                0x00000000000003b3       0x34 C:/ST/STM32CubeIDE_1.13.2/STM32CubeIDE/plugins/com.st.stm32cube.ide.mcu.externaltools.gnu-tools-for-stm32.11.3.rel1.win32_1.1.1.202309131626/tools/bin/../lib/gcc/arm-none-eabi/11.3.1/../../../../arm-none-eabi/lib/thumb/v7e-m+fp/hard\libc_nano.a(libc_a-init.o)
 .ARM.attributes
                0x00000000000003e7       0x1e C:/ST/STM32CubeIDE_1.13.2/STM32CubeIDE/plugins/com.st.stm32cube.ide.mcu.externaltools.gnu-tools-for-stm32.11.3.rel1.win32_1.1.1.202309131626/tools/bin/../lib/gcc/arm-none-eabi/11.3.1/thumb/v7e-m+fp/hard\libgcc.a(_aeabi_uldivmod.o)
 .ARM.attributes
                0x0000000000000405       0x34 C:/ST/STM32CubeIDE_1.13.2/STM32CubeIDE/plugins/com.st.stm32cube.ide.mcu.externaltools.gnu-tools-for-stm32.11.3.rel1.win32_1.1.1.202309131626/tools/bin/../lib/gcc/arm-none-eabi/11.3.1/thumb/v7e-m+fp/hard\libgcc.a(_udivmoddi4.o)
 .ARM.attributes
                0x0000000000000439       0x1e C:/ST/STM32CubeIDE_1.13.2/STM32CubeIDE/plugins/com.st.stm32cube.ide.mcu.externaltools.gnu-tools-for-stm32.11.3.rel1.win32_1.1.1.202309131626/tools/bin/../lib/gcc/arm-none-eabi/11.3.1/thumb/v7e-m+fp/hard\libgcc.a(_dvmd_tls.o)
 .ARM.attributes
                0x0000000000000457       0x1e C:/ST/STM32CubeIDE_1.13.2/STM32CubeIDE/plugins/com.st.stm32cube.ide.mcu.externaltools.gnu-tools-for-stm32.11.3.rel1.win32_1.1.1.202309131626/tools/bin/../lib/gcc/arm-none-eabi/11.3.1/thumb/v7e-m+fp/hard/crtn.o
OUTPUT(MesinTSMilk.elf elf32-littlearm)
LOAD linker stubs
LOAD C:/ST/STM32CubeIDE_1.13.2/STM32CubeIDE/plugins/com.st.stm32cube.ide.mcu.externaltools.gnu-tools-for-stm32.11.3.rel1.win32_1.1.1.202309131626/tools/bin/../lib/gcc/arm-none-eabi/11.3.1/../../../../arm-none-eabi/lib/thumb/v7e-m+fp/hard\libc.a
LOAD C:/ST/STM32CubeIDE_1.13.2/STM32CubeIDE/plugins/com.st.stm32cube.ide.mcu.externaltools.gnu-tools-for-stm32.11.3.rel1.win32_1.1.1.202309131626/tools/bin/../lib/gcc/arm-none-eabi/11.3.1/../../../../arm-none-eabi/lib/thumb/v7e-m+fp/hard\libm.a
LOAD C:/ST/STM32CubeIDE_1.13.2/STM32CubeIDE/plugins/com.st.stm32cube.ide.mcu.externaltools.gnu-tools-for-stm32.11.3.rel1.win32_1.1.1.202309131626/tools/bin/../lib/gcc/arm-none-eabi/11.3.1/thumb/v7e-m+fp/hard\libgcc.a

.comment        0x0000000000000000       0x43
 .comment       0x0000000000000000       0x43 C:/ST/STM32CubeIDE_1.13.2/STM32CubeIDE/plugins/com.st.stm32cube.ide.mcu.externaltools.gnu-tools-for-stm32.11.3.rel1.win32_1.1.1.202309131626/tools/bin/../lib/gcc/arm-none-eabi/11.3.1/thumb/v7e-m+fp/hard/crtbegin.o
                                         0x44 (size before relaxing)
 .comment       0x0000000000000043       0x44 ./Core/Src/logo.o
 .comment       0x0000000000000043       0x44 ./Core/Src/main.o
 .comment       0x0000000000000043       0x44 ./Core/Src/stm32f4xx_hal_msp.o
 .comment       0x0000000000000043       0x44 ./Core/Src/stm32f4xx_it.o
 .comment       0x0000000000000043       0x44 ./Core/Src/system_stm32f4xx.o
 .comment       0x0000000000000043       0x44 ./Core/Src/tft.o
 .comment       0x0000000000000043       0x44 ./Drivers/STM32F4xx_HAL_Driver/Src/stm32f4xx_hal.o
 .comment       0x0000000000000043       0x44 ./Drivers/STM32F4xx_HAL_Driver/Src/stm32f4xx_hal_adc.o
 .comment       0x0000000000000043       0x44 ./Drivers/STM32F4xx_HAL_Driver/Src/stm32f4xx_hal_cortex.o
 .comment       0x0000000000000043       0x44 ./Drivers/STM32F4xx_HAL_Driver/Src/stm32f4xx_hal_crc.o
 .comment       0x0000000000000043       0x44 ./Drivers/STM32F4xx_HAL_Driver/Src/stm32f4xx_hal_gpio.o
 .comment       0x0000000000000043       0x44 ./Drivers/STM32F4xx_HAL_Driver/Src/stm32f4xx_hal_rcc.o
 .comment       0x0000000000000043       0x44 ./Drivers/STM32F4xx_HAL_Driver/Src/stm32f4xx_hal_tim.o
 .comment       0x0000000000000043       0x44 ./Drivers/STM32F4xx_HAL_Driver/Src/stm32f4xx_hal_tim_ex.o
 .comment       0x0000000000000043       0x44 ./Drivers/STM32F4xx_HAL_Driver/Src/stm32f4xx_hal_uart.o

.debug_info     0x0000000000000000    0x1065c
 .debug_info    0x0000000000000000       0xae ./Core/Src/logo.o
 .debug_info    0x00000000000000ae     0x1688 ./Core/Src/main.o
 .debug_info    0x0000000000001736     0x10ee ./Core/Src/stm32f4xx_hal_msp.o
 .debug_info    0x0000000000002824      0x112 ./Core/Src/stm32f4xx_it.o
 .debug_info    0x0000000000002936      0x53e ./Core/Src/system_stm32f4xx.o
 .debug_info    0x0000000000002e74     0x3475 ./Core/Src/tft.o
 .debug_info    0x00000000000062e9       0x23 ./Core/Startup/startup_stm32f411ceux.o
 .debug_info    0x000000000000630c      0x8c4 ./Drivers/STM32F4xx_HAL_Driver/Src/stm32f4xx_hal.o
 .debug_info    0x0000000000006bd0      0xcd1 ./Drivers/STM32F4xx_HAL_Driver/Src/stm32f4xx_hal_adc.o
 .debug_info    0x00000000000078a1      0xcb6 ./Drivers/STM32F4xx_HAL_Driver/Src/stm32f4xx_hal_cortex.o
 .debug_info    0x0000000000008557      0x373 ./Drivers/STM32F4xx_HAL_Driver/Src/stm32f4xx_hal_crc.o
 .debug_info    0x00000000000088ca      0x6f9 ./Drivers/STM32F4xx_HAL_Driver/Src/stm32f4xx_hal_gpio.o
 .debug_info    0x0000000000008fc3      0x8f2 ./Drivers/STM32F4xx_HAL_Driver/Src/stm32f4xx_hal_rcc.o
 .debug_info    0x00000000000098b5     0x2941 ./Drivers/STM32F4xx_HAL_Driver/Src/stm32f4xx_hal_tim.o
 .debug_info    0x000000000000c1f6     0x14a7 ./Drivers/STM32F4xx_HAL_Driver/Src/stm32f4xx_hal_tim_ex.o
 .debug_info    0x000000000000d69d     0x2fbf ./Drivers/STM32F4xx_HAL_Driver/Src/stm32f4xx_hal_uart.o

.debug_abbrev   0x0000000000000000     0x20e9
 .debug_abbrev  0x0000000000000000       0x63 ./Core/Src/logo.o
 .debug_abbrev  0x0000000000000063      0x2e6 ./Core/Src/main.o
 .debug_abbrev  0x0000000000000349      0x208 ./Core/Src/stm32f4xx_hal_msp.o
 .debug_abbrev  0x0000000000000551       0x73 ./Core/Src/stm32f4xx_it.o
 .debug_abbrev  0x00000000000005c4      0x11a ./Core/Src/system_stm32f4xx.o
 .debug_abbrev  0x00000000000006de      0x44a ./Core/Src/tft.o
 .debug_abbrev  0x0000000000000b28       0x12 ./Core/Startup/startup_stm32f411ceux.o
 .debug_abbrev  0x0000000000000b3a      0x24b ./Drivers/STM32F4xx_HAL_Driver/Src/stm32f4xx_hal.o
 .debug_abbrev  0x0000000000000d85      0x20e ./Drivers/STM32F4xx_HAL_Driver/Src/stm32f4xx_hal_adc.o
 .debug_abbrev  0x0000000000000f93      0x327 ./Drivers/STM32F4xx_HAL_Driver/Src/stm32f4xx_hal_cortex.o
 .debug_abbrev  0x00000000000012ba      0x179 ./Drivers/STM32F4xx_HAL_Driver/Src/stm32f4xx_hal_crc.o
 .debug_abbrev  0x0000000000001433      0x1d3 ./Drivers/STM32F4xx_HAL_Driver/Src/stm32f4xx_hal_gpio.o
 .debug_abbrev  0x0000000000001606      0x2b5 ./Drivers/STM32F4xx_HAL_Driver/Src/stm32f4xx_hal_rcc.o
 .debug_abbrev  0x00000000000018bb      0x284 ./Drivers/STM32F4xx_HAL_Driver/Src/stm32f4xx_hal_tim.o
 .debug_abbrev  0x0000000000001b3f      0x28f ./Drivers/STM32F4xx_HAL_Driver/Src/stm32f4xx_hal_tim_ex.o
 .debug_abbrev  0x0000000000001dce      0x31b ./Drivers/STM32F4xx_HAL_Driver/Src/stm32f4xx_hal_uart.o

.debug_aranges  0x0000000000000000      0xfc0
 .debug_aranges
                0x0000000000000000       0x18 ./Core/Src/logo.o
 .debug_aranges
                0x0000000000000018       0x60 ./Core/Src/main.o
 .debug_aranges
                0x0000000000000078       0x60 ./Core/Src/stm32f4xx_hal_msp.o
 .debug_aranges
                0x00000000000000d8       0x60 ./Core/Src/stm32f4xx_it.o
 .debug_aranges
                0x0000000000000138       0x28 ./Core/Src/system_stm32f4xx.o
 .debug_aranges
                0x0000000000000160      0x2e0 ./Core/Src/tft.o
 .debug_aranges
                0x0000000000000440       0x28 ./Core/Startup/startup_stm32f411ceux.o
 .debug_aranges
                0x0000000000000468       0xf0 ./Drivers/STM32F4xx_HAL_Driver/Src/stm32f4xx_hal.o
 .debug_aranges
                0x0000000000000558       0xe8 ./Drivers/STM32F4xx_HAL_Driver/Src/stm32f4xx_hal_adc.o
 .debug_aranges
                0x0000000000000640      0x118 ./Drivers/STM32F4xx_HAL_Driver/Src/stm32f4xx_hal_cortex.o
 .debug_aranges
                0x0000000000000758       0x50 ./Drivers/STM32F4xx_HAL_Driver/Src/stm32f4xx_hal_crc.o
 .debug_aranges
                0x00000000000007a8       0x58 ./Drivers/STM32F4xx_HAL_Driver/Src/stm32f4xx_hal_gpio.o
 .debug_aranges
                0x0000000000000800       0x88 ./Drivers/STM32F4xx_HAL_Driver/Src/stm32f4xx_hal_rcc.o
 .debug_aranges
                0x0000000000000888      0x3d0 ./Drivers/STM32F4xx_HAL_Driver/Src/stm32f4xx_hal_tim.o
 .debug_aranges
                0x0000000000000c58      0x168 ./Drivers/STM32F4xx_HAL_Driver/Src/stm32f4xx_hal_tim_ex.o
 .debug_aranges
                0x0000000000000dc0      0x200 ./Drivers/STM32F4xx_HAL_Driver/Src/stm32f4xx_hal_uart.o

.debug_macro    0x0000000000000000     0x242d
 .debug_macro   0x0000000000000000       0x63 ./Core/Src/logo.o
 .debug_macro   0x0000000000000063      0x37d ./Core/Src/main.o
 .debug_macro   0x00000000000003e0       0x16 ./Core/Src/main.o
 .debug_macro   0x00000000000003f6       0x35 ./Core/Src/main.o
 .debug_macro   0x000000000000042b       0x10 ./Core/Src/main.o
 .debug_macro   0x000000000000043b       0x16 ./Core/Src/main.o
 .debug_macro   0x0000000000000451       0x16 ./Core/Src/main.o
 .debug_macro   0x0000000000000467      0x147 ./Core/Src/main.o
 .debug_macro   0x00000000000005ae       0x16 ./Core/Src/main.o
 .debug_macro   0x00000000000005c4       0x20 ./Core/Src/main.o
 .debug_macro   0x00000000000005e4       0x64 ./Core/Src/main.o
 .debug_macro   0x0000000000000648      0x20f ./Core/Src/stm32f4xx_hal_msp.o
 .debug_macro   0x0000000000000857      0x219 ./Core/Src/stm32f4xx_it.o
 .debug_macro   0x0000000000000a70      0x200 ./Core/Src/system_stm32f4xx.o
 .debug_macro   0x0000000000000c70      0x448 ./Core/Src/tft.o
 .debug_macro   0x00000000000010b8       0x10 ./Core/Src/tft.o
 .debug_macro   0x00000000000010c8       0xd8 ./Core/Src/tft.o
 .debug_macro   0x00000000000011a0      0x260 ./Drivers/STM32F4xx_HAL_Driver/Src/stm32f4xx_hal.o
 .debug_macro   0x0000000000001400      0x201 ./Drivers/STM32F4xx_HAL_Driver/Src/stm32f4xx_hal_adc.o
 .debug_macro   0x0000000000001601      0x200 ./Drivers/STM32F4xx_HAL_Driver/Src/stm32f4xx_hal_cortex.o
 .debug_macro   0x0000000000001801      0x200 ./Drivers/STM32F4xx_HAL_Driver/Src/stm32f4xx_hal_crc.o
 .debug_macro   0x0000000000001a01      0x206 ./Drivers/STM32F4xx_HAL_Driver/Src/stm32f4xx_hal_gpio.o
 .debug_macro   0x0000000000001c07      0x224 ./Drivers/STM32F4xx_HAL_Driver/Src/stm32f4xx_hal_rcc.o
 .debug_macro   0x0000000000001e2b      0x201 ./Drivers/STM32F4xx_HAL_Driver/Src/stm32f4xx_hal_tim.o
 .debug_macro   0x000000000000202c      0x200 ./Drivers/STM32F4xx_HAL_Driver/Src/stm32f4xx_hal_tim_ex.o
 .debug_macro   0x000000000000222c      0x201 ./Drivers/STM32F4xx_HAL_Driver/Src/stm32f4xx_hal_uart.o

.debug_line     0x0000000000000000    0x11fa5
 .debug_line    0x0000000000000000      0x3f2 ./Core/Src/logo.o
 .debug_line    0x00000000000003f2      0xb6a ./Core/Src/main.o
 .debug_line    0x0000000000000f5c      0x8a9 ./Core/Src/stm32f4xx_hal_msp.o
 .debug_line    0x0000000000001805      0x867 ./Core/Src/stm32f4xx_it.o
 .debug_line    0x000000000000206c      0x826 ./Core/Src/system_stm32f4xx.o
 .debug_line    0x0000000000002892     0x2f4c ./Core/Src/tft.o
 .debug_line    0x00000000000057de       0x7a ./Core/Startup/startup_stm32f411ceux.o
 .debug_line    0x0000000000005858      0xa8c ./Drivers/STM32F4xx_HAL_Driver/Src/stm32f4xx_hal.o
 .debug_line    0x00000000000062e4     0x1230 ./Drivers/STM32F4xx_HAL_Driver/Src/stm32f4xx_hal_adc.o
 .debug_line    0x0000000000007514      0xd3b ./Drivers/STM32F4xx_HAL_Driver/Src/stm32f4xx_hal_cortex.o
 .debug_line    0x000000000000824f      0x8eb ./Drivers/STM32F4xx_HAL_Driver/Src/stm32f4xx_hal_crc.o
 .debug_line    0x0000000000008b3a      0xbc4 ./Drivers/STM32F4xx_HAL_Driver/Src/stm32f4xx_hal_gpio.o
 .debug_line    0x00000000000096fe      0xe03 ./Drivers/STM32F4xx_HAL_Driver/Src/stm32f4xx_hal_rcc.o
 .debug_line    0x000000000000a501     0x3552 ./Drivers/STM32F4xx_HAL_Driver/Src/stm32f4xx_hal_tim.o
 .debug_line    0x000000000000da53     0x1a24 ./Drivers/STM32F4xx_HAL_Driver/Src/stm32f4xx_hal_tim_ex.o
 .debug_line    0x000000000000f477     0x2b2e ./Drivers/STM32F4xx_HAL_Driver/Src/stm32f4xx_hal_uart.o

.debug_str      0x0000000000000000    0x9b743
 .debug_str     0x0000000000000000     0x3b98 ./Core/Src/logo.o
                                       0x3d01 (size before relaxing)
 .debug_str     0x0000000000003b98    0x93963 ./Core/Src/main.o
                                      0x978b6 (size before relaxing)
 .debug_str     0x00000000000974fb       0xe5 ./Core/Src/stm32f4xx_hal_msp.o
                                      0x93159 (size before relaxing)
 .debug_str     0x00000000000975e0       0xc9 ./Core/Src/stm32f4xx_it.o
                                      0x9265f (size before relaxing)
 .debug_str     0x00000000000976a9       0xdb ./Core/Src/system_stm32f4xx.o
                                      0x924f4 (size before relaxing)
 .debug_str     0x0000000000097784     0x1370 ./Core/Src/tft.o
                                      0x9722e (size before relaxing)
 .debug_str     0x0000000000098af4       0x34 ./Core/Startup/startup_stm32f411ceux.o
                                         0x73 (size before relaxing)
 .debug_str     0x0000000000098b28      0x9ab ./Drivers/STM32F4xx_HAL_Driver/Src/stm32f4xx_hal.o
                                      0x92f20 (size before relaxing)
 .debug_str     0x00000000000994d3      0x2cb ./Drivers/STM32F4xx_HAL_Driver/Src/stm32f4xx_hal_adc.o
                                      0x92acf (size before relaxing)
 .debug_str     0x000000000009979e      0x343 ./Drivers/STM32F4xx_HAL_Driver/Src/stm32f4xx_hal_cortex.o
                                      0x92c41 (size before relaxing)
 .debug_str     0x0000000000099ae1       0x97 ./Drivers/STM32F4xx_HAL_Driver/Src/stm32f4xx_hal_crc.o
                                      0x92510 (size before relaxing)
 .debug_str     0x0000000000099b78      0x10d ./Drivers/STM32F4xx_HAL_Driver/Src/stm32f4xx_hal_gpio.o
                                      0x9266f (size before relaxing)
 .debug_str     0x0000000000099c85      0x233 ./Drivers/STM32F4xx_HAL_Driver/Src/stm32f4xx_hal_rcc.o
                                      0x92928 (size before relaxing)
 .debug_str     0x0000000000099eb8      0xdea ./Drivers/STM32F4xx_HAL_Driver/Src/stm32f4xx_hal_tim.o
                                      0x9385c (size before relaxing)
 .debug_str     0x000000000009aca2      0x493 ./Drivers/STM32F4xx_HAL_Driver/Src/stm32f4xx_hal_tim_ex.o
                                      0x93078 (size before relaxing)
 .debug_str     0x000000000009b135      0x60e ./Drivers/STM32F4xx_HAL_Driver/Src/stm32f4xx_hal_uart.o
                                      0x92eb5 (size before relaxing)

.debug_rnglists
                0x0000000000000000      0xc54
 .debug_rnglists
                0x0000000000000000       0x48 ./Core/Src/main.o
 .debug_rnglists
                0x0000000000000048       0x45 ./Core/Src/stm32f4xx_hal_msp.o
 .debug_rnglists
                0x000000000000008d       0x43 ./Core/Src/stm32f4xx_it.o
 .debug_rnglists
                0x00000000000000d0       0x1a ./Core/Src/system_stm32f4xx.o
 .debug_rnglists
                0x00000000000000ea      0x24d ./Core/Src/tft.o
 .debug_rnglists
                0x0000000000000337       0x19 ./Core/Startup/startup_stm32f411ceux.o
 .debug_rnglists
                0x0000000000000350       0xaf ./Drivers/STM32F4xx_HAL_Driver/Src/stm32f4xx_hal.o
 .debug_rnglists
                0x00000000000003ff       0xb5 ./Drivers/STM32F4xx_HAL_Driver/Src/stm32f4xx_hal_adc.o
 .debug_rnglists
                0x00000000000004b4       0xce ./Drivers/STM32F4xx_HAL_Driver/Src/stm32f4xx_hal_cortex.o
 .debug_rnglists
                0x0000000000000582       0x37 ./Drivers/STM32F4xx_HAL_Driver/Src/stm32f4xx_hal_crc.o
 .debug_rnglists
                0x00000000000005b9       0x3f ./Drivers/STM32F4xx_HAL_Driver/Src/stm32f4xx_hal_gpio.o
 .debug_rnglists
                0x00000000000005f8       0x66 ./Drivers/STM32F4xx_HAL_Driver/Src/stm32f4xx_hal_rcc.o
 .debug_rnglists
                0x000000000000065e      0x31a ./Drivers/STM32F4xx_HAL_Driver/Src/stm32f4xx_hal_tim.o
 .debug_rnglists
                0x0000000000000978      0x125 ./Drivers/STM32F4xx_HAL_Driver/Src/stm32f4xx_hal_tim_ex.o
 .debug_rnglists
                0x0000000000000a9d      0x1b7 ./Drivers/STM32F4xx_HAL_Driver/Src/stm32f4xx_hal_uart.o

.debug_frame    0x0000000000000000     0x4370
 .debug_frame   0x0000000000000000      0x134 ./Core/Src/main.o
 .debug_frame   0x0000000000000134      0x168 ./Core/Src/stm32f4xx_hal_msp.o
 .debug_frame   0x000000000000029c      0x104 ./Core/Src/stm32f4xx_it.o
 .debug_frame   0x00000000000003a0       0x58 ./Core/Src/system_stm32f4xx.o
 .debug_frame   0x00000000000003f8      0xd44 ./Core/Src/tft.o
 .debug_frame   0x000000000000113c      0x374 ./Drivers/STM32F4xx_HAL_Driver/Src/stm32f4xx_hal.o
 .debug_frame   0x00000000000014b0      0x3fc ./Drivers/STM32F4xx_HAL_Driver/Src/stm32f4xx_hal_adc.o
 .debug_frame   0x00000000000018ac      0x498 ./Drivers/STM32F4xx_HAL_Driver/Src/stm32f4xx_hal_cortex.o
 .debug_frame   0x0000000000001d44      0x120 ./Drivers/STM32F4xx_HAL_Driver/Src/stm32f4xx_hal_crc.o
 .debug_frame   0x0000000000001e64      0x14c ./Drivers/STM32F4xx_HAL_Driver/Src/stm32f4xx_hal_gpio.o
 .debug_frame   0x0000000000001fb0      0x1f4 ./Drivers/STM32F4xx_HAL_Driver/Src/stm32f4xx_hal_rcc.o
 .debug_frame   0x00000000000021a4     0x11bc ./Drivers/STM32F4xx_HAL_Driver/Src/stm32f4xx_hal_tim.o
 .debug_frame   0x0000000000003360      0x638 ./Drivers/STM32F4xx_HAL_Driver/Src/stm32f4xx_hal_tim_ex.o
 .debug_frame   0x0000000000003998      0x92c ./Drivers/STM32F4xx_HAL_Driver/Src/stm32f4xx_hal_uart.o
 .debug_frame   0x00000000000042c4       0x20 C:/ST/STM32CubeIDE_1.13.2/STM32CubeIDE/plugins/com.st.stm32cube.ide.mcu.externaltools.gnu-tools-for-stm32.11.3.rel1.win32_1.1.1.202309131626/tools/bin/../lib/gcc/arm-none-eabi/11.3.1/../../../../arm-none-eabi/lib/thumb/v7e-m+fp/hard\libc_nano.a(libc_a-memset.o)
 .debug_frame   0x00000000000042e4       0x2c C:/ST/STM32CubeIDE_1.13.2/STM32CubeIDE/plugins/com.st.stm32cube.ide.mcu.externaltools.gnu-tools-for-stm32.11.3.rel1.win32_1.1.1.202309131626/tools/bin/../lib/gcc/arm-none-eabi/11.3.1/../../../../arm-none-eabi/lib/thumb/v7e-m+fp/hard\libc_nano.a(libc_a-init.o)
 .debug_frame   0x0000000000004310       0x2c C:/ST/STM32CubeIDE_1.13.2/STM32CubeIDE/plugins/com.st.stm32cube.ide.mcu.externaltools.gnu-tools-for-stm32.11.3.rel1.win32_1.1.1.202309131626/tools/bin/../lib/gcc/arm-none-eabi/11.3.1/thumb/v7e-m+fp/hard\libgcc.a(_aeabi_uldivmod.o)
 .debug_frame   0x000000000000433c       0x34 C:/ST/STM32CubeIDE_1.13.2/STM32CubeIDE/plugins/com.st.stm32cube.ide.mcu.externaltools.gnu-tools-for-stm32.11.3.rel1.win32_1.1.1.202309131626/tools/bin/../lib/gcc/arm-none-eabi/11.3.1/thumb/v7e-m+fp/hard\libgcc.a(_udivmoddi4.o)

.debug_line_str
                0x0000000000000000       0x67
 .debug_line_str
                0x0000000000000000       0x67 ./Core/Startup/startup_stm32f411ceux.o
                                         0x7f (size before relaxing)
