Archive member included to satisfy reference by file (symbol)

C:/ST/STM32CubeIDE_1.13.2/STM32CubeIDE/plugins/com.st.stm32cube.ide.mcu.externaltools.gnu-tools-for-stm32.11.3.rel1.win32_1.1.1.202309131626/tools/bin/../lib/gcc/arm-none-eabi/11.3.1/../../../../arm-none-eabi/lib/thumb/v7e-m+fp/hard\libc_nano.a(libc_a-exit.o)
                              C:/ST/STM32CubeIDE_1.13.2/STM32CubeIDE/plugins/com.st.stm32cube.ide.mcu.externaltools.gnu-tools-for-stm32.11.3.rel1.win32_1.1.1.202309131626/tools/bin/../lib/gcc/arm-none-eabi/11.3.1/../../../../arm-none-eabi/lib/thumb/v7e-m+fp/hard/crt0.o (exit)
C:/ST/STM32CubeIDE_1.13.2/STM32CubeIDE/plugins/com.st.stm32cube.ide.mcu.externaltools.gnu-tools-for-stm32.11.3.rel1.win32_1.1.1.202309131626/tools/bin/../lib/gcc/arm-none-eabi/11.3.1/../../../../arm-none-eabi/lib/thumb/v7e-m+fp/hard\libc_nano.a(libc_a-itoa.o)
                              ./Core/Src/DrawingFunctions.o (itoa)
C:/ST/STM32CubeIDE_1.13.2/STM32CubeIDE/plugins/com.st.stm32cube.ide.mcu.externaltools.gnu-tools-for-stm32.11.3.rel1.win32_1.1.1.202309131626/tools/bin/../lib/gcc/arm-none-eabi/11.3.1/../../../../arm-none-eabi/lib/thumb/v7e-m+fp/hard\libc_nano.a(libc_a-utoa.o)
                              C:/ST/STM32CubeIDE_1.13.2/STM32CubeIDE/plugins/com.st.stm32cube.ide.mcu.externaltools.gnu-tools-for-stm32.11.3.rel1.win32_1.1.1.202309131626/tools/bin/../lib/gcc/arm-none-eabi/11.3.1/../../../../arm-none-eabi/lib/thumb/v7e-m+fp/hard\libc_nano.a(libc_a-itoa.o) (__utoa)
C:/ST/STM32CubeIDE_1.13.2/STM32CubeIDE/plugins/com.st.stm32cube.ide.mcu.externaltools.gnu-tools-for-stm32.11.3.rel1.win32_1.1.1.202309131626/tools/bin/../lib/gcc/arm-none-eabi/11.3.1/../../../../arm-none-eabi/lib/thumb/v7e-m+fp/hard\libc_nano.a(libc_a-findfp.o)
                              C:/ST/STM32CubeIDE_1.13.2/STM32CubeIDE/plugins/com.st.stm32cube.ide.mcu.externaltools.gnu-tools-for-stm32.11.3.rel1.win32_1.1.1.202309131626/tools/bin/../lib/gcc/arm-none-eabi/11.3.1/../../../../arm-none-eabi/lib/thumb/v7e-m+fp/hard\libc_nano.a(libc_a-exit.o) (__stdio_exit_handler)
C:/ST/STM32CubeIDE_1.13.2/STM32CubeIDE/plugins/com.st.stm32cube.ide.mcu.externaltools.gnu-tools-for-stm32.11.3.rel1.win32_1.1.1.202309131626/tools/bin/../lib/gcc/arm-none-eabi/11.3.1/../../../../arm-none-eabi/lib/thumb/v7e-m+fp/hard\libc_nano.a(libc_a-fwalk.o)
                              C:/ST/STM32CubeIDE_1.13.2/STM32CubeIDE/plugins/com.st.stm32cube.ide.mcu.externaltools.gnu-tools-for-stm32.11.3.rel1.win32_1.1.1.202309131626/tools/bin/../lib/gcc/arm-none-eabi/11.3.1/../../../../arm-none-eabi/lib/thumb/v7e-m+fp/hard\libc_nano.a(libc_a-findfp.o) (_fwalk_sglue)
C:/ST/STM32CubeIDE_1.13.2/STM32CubeIDE/plugins/com.st.stm32cube.ide.mcu.externaltools.gnu-tools-for-stm32.11.3.rel1.win32_1.1.1.202309131626/tools/bin/../lib/gcc/arm-none-eabi/11.3.1/../../../../arm-none-eabi/lib/thumb/v7e-m+fp/hard\libc_nano.a(libc_a-stdio.o)
                              C:/ST/STM32CubeIDE_1.13.2/STM32CubeIDE/plugins/com.st.stm32cube.ide.mcu.externaltools.gnu-tools-for-stm32.11.3.rel1.win32_1.1.1.202309131626/tools/bin/../lib/gcc/arm-none-eabi/11.3.1/../../../../arm-none-eabi/lib/thumb/v7e-m+fp/hard\libc_nano.a(libc_a-findfp.o) (__sread)
C:/ST/STM32CubeIDE_1.13.2/STM32CubeIDE/plugins/com.st.stm32cube.ide.mcu.externaltools.gnu-tools-for-stm32.11.3.rel1.win32_1.1.1.202309131626/tools/bin/../lib/gcc/arm-none-eabi/11.3.1/../../../../arm-none-eabi/lib/thumb/v7e-m+fp/hard\libc_nano.a(libc_a-memset.o)
                              C:/ST/STM32CubeIDE_1.13.2/STM32CubeIDE/plugins/com.st.stm32cube.ide.mcu.externaltools.gnu-tools-for-stm32.11.3.rel1.win32_1.1.1.202309131626/tools/bin/../lib/gcc/arm-none-eabi/11.3.1/../../../../arm-none-eabi/lib/thumb/v7e-m+fp/hard/crt0.o (memset)
C:/ST/STM32CubeIDE_1.13.2/STM32CubeIDE/plugins/com.st.stm32cube.ide.mcu.externaltools.gnu-tools-for-stm32.11.3.rel1.win32_1.1.1.202309131626/tools/bin/../lib/gcc/arm-none-eabi/11.3.1/../../../../arm-none-eabi/lib/thumb/v7e-m+fp/hard\libc_nano.a(libc_a-closer.o)
                              C:/ST/STM32CubeIDE_1.13.2/STM32CubeIDE/plugins/com.st.stm32cube.ide.mcu.externaltools.gnu-tools-for-stm32.11.3.rel1.win32_1.1.1.202309131626/tools/bin/../lib/gcc/arm-none-eabi/11.3.1/../../../../arm-none-eabi/lib/thumb/v7e-m+fp/hard\libc_nano.a(libc_a-stdio.o) (_close_r)
C:/ST/STM32CubeIDE_1.13.2/STM32CubeIDE/plugins/com.st.stm32cube.ide.mcu.externaltools.gnu-tools-for-stm32.11.3.rel1.win32_1.1.1.202309131626/tools/bin/../lib/gcc/arm-none-eabi/11.3.1/../../../../arm-none-eabi/lib/thumb/v7e-m+fp/hard\libc_nano.a(libc_a-reent.o)
                              C:/ST/STM32CubeIDE_1.13.2/STM32CubeIDE/plugins/com.st.stm32cube.ide.mcu.externaltools.gnu-tools-for-stm32.11.3.rel1.win32_1.1.1.202309131626/tools/bin/../lib/gcc/arm-none-eabi/11.3.1/../../../../arm-none-eabi/lib/thumb/v7e-m+fp/hard\libc_nano.a(libc_a-closer.o) (errno)
[...]
Memory Configuration

Name             Origin             Length             Attributes
RAM              0x0000000020000000 0x0000000000020000 xrw
FLASH            0x0000000008000000 0x0000000000080000 xr
*default*        0x0000000000000000 0xffffffffffffffff

Linker script and memory map

LOAD C:/ST/STM32CubeIDE_1.13.2/STM32CubeIDE/plugins/com.st.stm32cube.ide.mcu.externaltools.gnu-tools-for-stm32.11.3.rel1.win32_1.1.1.202309131626/tools/bin/../lib/gcc/arm-none-eabi/11.3.1/thumb/v7e-m+fp/hard/crti.o
LOAD C:/ST/STM32CubeIDE_1.13.2/STM32CubeIDE/plugins/com.st.stm32cube.ide.mcu.externaltools.gnu-tools-for-stm32.11.3.rel1.win32_1.1.1.202309131626/tools/bin/../lib/gcc/arm-none-eabi/11.3.1/thumb/v7e-m+fp/hard/crtbegin.o
LOAD C:/ST/STM32CubeIDE_1.13.2/STM32CubeIDE/plugins/com.st.stm32cube.ide.mcu.externaltools.gnu-tools-for-stm32.11.3.rel1.win32_1.1.1.202309131626/tools/bin/../lib/gcc/arm-none-eabi/11.3.1/../../../../arm-none-eabi/lib/thumb/v7e-m+fp/hard/crt0.o
LOAD ./Core/Src/DrawingFunctions.o
LOAD ./Core/Src/fonts.o
LOAD ./Core/Src/lcd.o
LOAD ./Core/Src/logo.o
LOAD ./Core/Src/main.o
LOAD ./Core/Src/stm32f4xx_hal_msp.o
LOAD ./Core/Src/stm32f4xx_it.o
LOAD ./Core/Src/syscalls.o
LOAD ./Core/Src/sysmem.o
LOAD ./Core/Src/system_stm32f4xx.o
LOAD ./Core/Src/tft.o
LOAD ./Core/Startup/startup_stm32f411ceux.o
LOAD ./Drivers/STM32F4xx_HAL_Driver/Src/stm32f4xx_hal.o
LOAD ./Drivers/STM32F4xx_HAL_Driver/Src/stm32f4xx_hal_adc.o
LOAD ./Drivers/STM32F4xx_HAL_Driver/Src/stm32f4xx_hal_adc_ex.o
LOAD ./Drivers/STM32F4xx_HAL_Driver/Src/stm32f4xx_hal_cortex.o
LOAD ./Drivers/STM32F4xx_HAL_Driver/Src/stm32f4xx_hal_crc.o
LOAD ./Drivers/STM32F4xx_HAL_Driver/Src/stm32f4xx_hal_dma.o
LOAD ./Drivers/STM32F4xx_HAL_Driver/Src/stm32f4xx_hal_dma_ex.o
LOAD ./Drivers/STM32F4xx_HAL_Driver/Src/stm32f4xx_hal_exti.o
LOAD ./Drivers/STM32F4xx_HAL_Driver/Src/stm32f4xx_hal_flash.o
LOAD ./Drivers/STM32F4xx_HAL_Driver/Src/stm32f4xx_hal_flash_ex.o
LOAD ./Drivers/STM32F4xx_HAL_Driver/Src/stm32f4xx_hal_flash_ramfunc.o
LOAD ./Drivers/STM32F4xx_HAL_Driver/Src/stm32f4xx_hal_gpio.o
LOAD ./Drivers/STM32F4xx_HAL_Driver/Src/stm32f4xx_hal_pwr.o
LOAD ./Drivers/STM32F4xx_HAL_Driver/Src/stm32f4xx_hal_pwr_ex.o
LOAD ./Drivers/STM32F4xx_HAL_Driver/Src/stm32f4xx_hal_rcc.o
LOAD ./Drivers/STM32F4xx_HAL_Driver/Src/stm32f4xx_hal_rcc_ex.o
LOAD ./Drivers/STM32F4xx_HAL_Driver/Src/stm32f4xx_hal_tim.o
LOAD ./Drivers/STM32F4xx_HAL_Driver/Src/stm32f4xx_hal_tim_ex.o
LOAD ./Drivers/STM32F4xx_HAL_Driver/Src/stm32f4xx_ll_adc.o
START GROUP
LOAD C:/ST/STM32CubeIDE_1.13.2/STM32CubeIDE/plugins/com.st.stm32cube.ide.mcu.externaltools.gnu-tools-for-stm32.11.3.rel1.win32_1.1.1.202309131626/tools/bin/../lib/gcc/arm-none-eabi/11.3.1/../../../../arm-none-eabi/lib/thumb/v7e-m+fp/hard\libc_nano.a
LOAD C:/ST/STM32CubeIDE_1.13.2/STM32CubeIDE/plugins/com.st.stm32cube.ide.mcu.externaltools.gnu-tools-for-stm32.11.3.rel1.win32_1.1.1.202309131626/tools/bin/../lib/gcc/arm-none-eabi/11.3.1/../../../../arm-none-eabi/lib/thumb/v7e-m+fp/hard\libm.a
END GROUP
START GROUP
LOAD C:/ST/STM32CubeIDE_1.13.2/STM32CubeIDE/plugins/com.st.stm32cube.ide.mcu.externaltools.gnu-tools-for-stm32.11.3.rel1.win32_1.1.1.202309131626/tools/bin/../lib/gcc/arm-none-eabi/11.3.1/thumb/v7e-m+fp/hard\libgcc.a
LOAD C:/ST/STM32CubeIDE_1.13.2/STM32CubeIDE/plugins/com.st.stm32cube.ide.mcu.externaltools.gnu-tools-for-stm32.11.3.rel1.win32_1.1.1.202309131626/tools/bin/../lib/gcc/arm-none-eabi/11.3.1/../../../../arm-none-eabi/lib/thumb/v7e-m+fp/hard\libc_nano.a
END GROUP
START GROUP
LOAD C:/ST/STM32CubeIDE_1.13.2/STM32CubeIDE/plugins/com.st.stm32cube.ide.mcu.externaltools.gnu-tools-for-stm32.11.3.rel1.win32_1.1.1.202309131626/tools/bin/../lib/gcc/arm-none-eabi/11.3.1/thumb/v7e-m+fp/hard\libgcc.a
LOAD C:/ST/STM32CubeIDE_1.13.2/STM32CubeIDE/plugins/com.st.stm32cube.ide.mcu.externaltools.gnu-tools-for-stm32.11.3.rel1.win32_1.1.1.202309131626/tools/bin/../lib/gcc/arm-none-eabi/11.3.1/../../../../arm-none-eabi/lib/thumb/v7e-m+fp/hard\libc_nano.a
LOAD C:/ST/STM32CubeIDE_1.13.2/STM32CubeIDE/plugins/com.st.stm32cube.ide.mcu.externaltools.gnu-tools-for-stm32.11.3.rel1.win32_1.1.1.202309131626/tools/bin/../lib/gcc/arm-none-eabi/11.3.1/../../../../arm-none-eabi/lib/thumb/v7e-m+fp/hard\libnosys.a
END GROUP
START GROUP
LOAD C:/ST/STM32CubeIDE_1.13.2/STM32CubeIDE/plugins/com.st.stm32cube.ide.mcu.externaltools.gnu-tools-for-stm32.11.3.rel1.win32_1.1.1.202309131626/tools/bin/../lib/gcc/arm-none-eabi/11.3.1/thumb/v7e-m+fp/hard\libgcc.a
LOAD C:/ST/STM32CubeIDE_1.13.2/STM32CubeIDE/plugins/com.st.stm32cube.ide.mcu.externaltools.gnu-tools-for-stm32.11.3.rel1.win32_1.1.1.202309131626/tools/bin/../lib/gcc/arm-none-eabi/11.3.1/../../../../arm-none-eabi/lib/thumb/v7e-m+fp/hard\libc_nano.a
LOAD C:/ST/STM32CubeIDE_1.13.2/STM32CubeIDE/plugins/com.st.stm32cube.ide.mcu.externaltools.gnu-tools-for-stm32.11.3.rel1.win32_1.1.1.202309131626/tools/bin/../lib/gcc/arm-none-eabi/11.3.1/../../../../arm-none-eabi/lib/thumb/v7e-m+fp/hard\libnosys.a
END GROUP
LOAD C:/ST/STM32CubeIDE_1.13.2/STM32CubeIDE/plugins/com.st.stm32cube.ide.mcu.externaltools.gnu-tools-for-stm32.11.3.rel1.win32_1.1.1.202309131626/tools/bin/../lib/gcc/arm-none-eabi/11.3.1/thumb/v7e-m+fp/hard/crtend.o
LOAD C:/ST/STM32CubeIDE_1.13.2/STM32CubeIDE/plugins/com.st.stm32cube.ide.mcu.externaltools.gnu-tools-for-stm32.11.3.rel1.win32_1.1.1.202309131626/tools/bin/../lib/gcc/arm-none-eabi/11.3.1/thumb/v7e-m+fp/hard/crtn.o
                0x0000000020020000                _estack = (ORIGIN (RAM) + LENGTH (RAM))
                0x0000000000000200                _Min_Heap_Size = 0x200
                0x0000000000000400                _Min_Stack_Size = 0x400

.isr_vector     0x0000000008000000      0x198
                0x0000000008000000                . = ALIGN (0x4)
 *(.isr_vector)
 .isr_vector    0x0000000008000000      0x198 ./Core/Startup/startup_stm32f411ceux.o
                0x0000000008000000                g_pfnVectors
                0x0000000008000198                . = ALIGN (0x4)

.text           0x0000000008000198     0x5d30
                0x0000000008000198                . = ALIGN (0x4)
 *(.text)
 .text          0x0000000008000198       0x40 C:/ST/STM32CubeIDE_1.13.2/STM32CubeIDE/plugins/com.st.stm32cube.ide.mcu.externaltools.gnu-tools-for-stm32.11.3.rel1.win32_1.1.1.202309131626/tools/bin/../lib/gcc/arm-none-eabi/11.3.1/thumb/v7e-m+fp/hard/crtbegin.o
 .text          0x00000000080001d8       0x30 C:/ST/STM32CubeIDE_1.13.2/STM32CubeIDE/plugins/com.st.stm32cube.ide.mcu.externaltools.gnu-tools-for-stm32.11.3.rel1.win32_1.1.1.202309131626/tools/bin/../lib/gcc/arm-none-eabi/11.3.1/thumb/v7e-m+fp/hard\libgcc.a(_aeabi_uldivmod.o)
                0x00000000080001d8                __aeabi_uldivmod
 .text          0x0000000008000208      0x2c8 C:/ST/STM32CubeIDE_1.13.2/STM32CubeIDE/plugins/com.st.stm32cube.ide.mcu.externaltools.gnu-tools-for-stm32.11.3.rel1.win32_1.1.1.202309131626/tools/bin/../lib/gcc/arm-none-eabi/11.3.1/thumb/v7e-m+fp/hard\libgcc.a(_udivmoddi4.o)
                0x0000000008000208                __udivmoddi4
 .text          0x00000000080004d0        0x4 C:/ST/STM32CubeIDE_1.13.2/STM32CubeIDE/plugins/com.st.stm32cube.ide.mcu.externaltools.gnu-tools-for-stm32.11.3.rel1.win32_1.1.1.202309131626/tools/bin/../lib/gcc/arm-none-eabi/11.3.1/thumb/v7e-m+fp/hard\libgcc.a(_dvmd_tls.o)
                0x00000000080004d0                __aeabi_idiv0
                0x00000000080004d0                __aeabi_ldiv0
 *(.text*)
 .text.Button_Init
                0x00000000080004d4       0x58 ./Core/Src/main.o
                0x00000000080004d4                Button_Init
 .text.ReadTombolKiri
                0x000000000800052c       0x24 ./Core/Src/main.o
                0x000000000800052c                ReadTombolKiri
 .text.ReadTombolKanan
                0x0000000008000550       0x24 ./Core/Src/main.o
                0x0000000008000550                ReadTombolKanan
 .text.main     0x0000000008000574      0x11c ./Core/Src/main.o
                0x0000000008000574                main
 .text.SplashScreen
                0x0000000008000690       0x30 ./Core/Src/main.o
                0x0000000008000690                SplashScreen
 .text.menuUtama
                0x00000000080006c0      0x12c ./Core/Src/main.o
                0x00000000080006c0                menuUtama
 .text.statusDevice
                0x00000000080007ec      0x110 ./Core/Src/main.o
                0x00000000080007ec                statusDevice
 .text.info     0x00000000080008fc       0xdc ./Core/Src/main.o
                0x00000000080008fc                info
 .text.SystemClock_Config
                0x00000000080009d8       0xd0 ./Core/Src/main.o
                0x00000000080009d8                SystemClock_Config
 .text.MX_ADC1_Init
                0x0000000008000aa8       0xa4 ./Core/Src/main.o
 .text.MX_CRC_Init
                0x0000000008000b4c       0x28 ./Core/Src/main.o
 .text.MX_TIM1_Init
                0x0000000008000b74       0xa0 ./Core/Src/main.o
 .text.MX_GPIO_Init
                0x0000000008000c14       0xec ./Core/Src/main.o
 .text.Error_Handler
                0x0000000008000d00        0xa ./Core/Src/main.o
                0x0000000008000d00                Error_Handler
 *fill*         0x0000000008000d0a        0x2 
 .text.HAL_MspInit
                0x0000000008000d0c       0x50 ./Core/Src/stm32f4xx_hal_msp.o
                0x0000000008000d0c                HAL_MspInit
 .text.HAL_ADC_MspInit
                0x0000000008000d5c       0x88 ./Core/Src/stm32f4xx_hal_msp.o
                0x0000000008000d5c                HAL_ADC_MspInit
 .text.HAL_CRC_MspInit
                0x0000000008000de4       0x44 ./Core/Src/stm32f4xx_hal_msp.o
                0x0000000008000de4                HAL_CRC_MspInit
 .text.HAL_TIM_Base_MspInit
                0x0000000008000e28       0x44 ./Core/Src/stm32f4xx_hal_msp.o
                0x0000000008000e28                HAL_TIM_Base_MspInit
 .text.NMI_Handler
                0x0000000008000e6c        0x6 ./Core/Src/stm32f4xx_it.o
                0x0000000008000e6c                NMI_Handler
 .text.HardFault_Handler
                0x0000000008000e72        0x6 ./Core/Src/stm32f4xx_it.o
                0x0000000008000e72                HardFault_Handler
 .text.MemManage_Handler
                0x0000000008000e78        0x6 ./Core/Src/stm32f4xx_it.o
                0x0000000008000e78                MemManage_Handler
 .text.BusFault_Handler
                0x0000000008000e7e        0x6 ./Core/Src/stm32f4xx_it.o
                0x0000000008000e7e                BusFault_Handler
 .text.UsageFault_Handler
                0x0000000008000e84        0x6 ./Core/Src/stm32f4xx_it.o
                0x0000000008000e84                UsageFault_Handler
 .text.SVC_Handler
                0x0000000008000e8a        0xe ./Core/Src/stm32f4xx_it.o
                0x0000000008000e8a                SVC_Handler
 .text.DebugMon_Handler
                0x0000000008000e98        0xe ./Core/Src/stm32f4xx_it.o
                0x0000000008000e98                DebugMon_Handler
 .text.PendSV_Handler
                0x0000000008000ea6        0xe ./Core/Src/stm32f4xx_it.o
                0x0000000008000ea6                PendSV_Handler
 .text.SysTick_Handler
                0x0000000008000eb4        0xc ./Core/Src/stm32f4xx_it.o
                0x0000000008000eb4                SysTick_Handler
 .text.SystemInit
                0x0000000008000ec0       0x24 ./Core/Src/system_stm32f4xx.o
                0x0000000008000ec0                SystemInit
 .text.delay    0x0000000008000ee4       0x30 ./Core/Src/tft.o
                0x0000000008000ee4                delay
 .text.PIN_LOW  0x0000000008000f14       0x20 ./Core/Src/tft.o
                0x0000000008000f14                PIN_LOW
 .text.PIN_HIGH
                0x0000000008000f34       0x20 ./Core/Src/tft.o
                0x0000000008000f34                PIN_HIGH
 .text.PIN_INPUT
                0x0000000008000f54       0x2c ./Core/Src/tft.o
                0x0000000008000f54                PIN_INPUT
 .text.PIN_OUTPUT
                0x0000000008000f80       0x30 ./Core/Src/tft.o
                0x0000000008000f80                PIN_OUTPUT
 .text.width    0x0000000008000fb0       0x18 ./Core/Src/tft.o
                0x0000000008000fb0                width
 .text.height   0x0000000008000fc8       0x18 ./Core/Src/tft.o
                0x0000000008000fc8                height
 .text.color565_to_555
                0x0000000008000fe0       0x40 ./Core/Src/tft.o
 .text.color555_to_565
                0x0000000008001020       0x42 ./Core/Src/tft.o
 .text.color565_to_r
                0x0000000008001062       0x22 ./Core/Src/tft.o
 .text.color565_to_g
                0x0000000008001084       0x22 ./Core/Src/tft.o
 .text.color565_to_b
                0x00000000080010a6       0x1c ./Core/Src/tft.o
 .text.color565
                0x00000000080010c2       0x4c ./Core/Src/tft.o
                0x00000000080010c2                color565
 .text.readPixel
                0x000000000800110e       0x30 ./Core/Src/tft.o
                0x000000000800110e                readPixel
 .text.WriteCmdData
                0x000000000800113e       0x24 ./Core/Src/tft.o
                0x000000000800113e                WriteCmdData
 .text.pushCommand
                0x0000000008001162       0x26 ./Core/Src/tft.o
                0x0000000008001162                pushCommand
 .text.startWrite
                0x0000000008001188        0xe ./Core/Src/tft.o
                0x0000000008001188                startWrite
 .text.endWrite
                0x0000000008001196        0xe ./Core/Src/tft.o
                0x0000000008001196                endWrite
 .text.setReadDir
                0x00000000080011a4       0x54 ./Core/Src/tft.o
                0x00000000080011a4                setReadDir
 .text.setWriteDir
                0x00000000080011f8       0x54 ./Core/Src/tft.o
                0x00000000080011f8                setWriteDir
 .text.write24  0x000000000800124c      0x114 ./Core/Src/tft.o
 .text.writecmddata
                0x0000000008001360      0x174 ./Core/Src/tft.o
 .text.WriteCmdParamN
                0x00000000080014d4      0x204 ./Core/Src/tft.o
 .text.WriteCmdParam4
                0x00000000080016d8       0x48 ./Core/Src/tft.o
 .text.init_table
                0x0000000008001720       0xb2 ./Core/Src/tft.o
 .text.init_table16
                0x00000000080017d2       0x60 ./Core/Src/tft.o
 *fill*         0x0000000008001832        0x2 
 .text.reset    0x0000000008001834       0x8c ./Core/Src/tft.o
                0x0000000008001834                reset
 .text.read16bits
                0x00000000080018c0      0x19c ./Core/Src/tft.o
 .text.readReg  0x0000000008001a5c      0x11c ./Core/Src/tft.o
                0x0000000008001a5c                readReg
 .text.readReg32
                0x0000000008001b78       0x36 ./Core/Src/tft.o
                0x0000000008001b78                readReg32
 .text.readReg40
                0x0000000008001bae       0x4e ./Core/Src/tft.o
                0x0000000008001bae                readReg40
 .text.tft_init
                0x0000000008001bfc      0x780 ./Core/Src/tft.o
                0x0000000008001bfc                tft_init
 .text.readID   0x000000000800237c      0x280 ./Core/Src/tft.o
                0x000000000800237c                readID
 .text.readGRAM
                0x00000000080025fc      0x9f0 ./Core/Src/tft.o
                0x00000000080025fc                readGRAM
 .text.setRotation
                0x0000000008002fec      0x510 ./Core/Src/tft.o
                0x0000000008002fec                setRotation
 .text.drawPixel
                0x00000000080034fc      0x16c ./Core/Src/tft.o
                0x00000000080034fc                drawPixel
 .text.setAddrWindow
                0x0000000008003668      0x248 ./Core/Src/tft.o
                0x0000000008003668                setAddrWindow
 .text.vertScroll
                0x00000000080038b0      0x24c ./Core/Src/tft.o
                0x00000000080038b0                vertScroll
 .text.fillScreen
                0x0000000008003afc       0x34 ./Core/Src/tft.o
                0x0000000008003afc                fillScreen
 .text.invertDisplay
                0x0000000008003b30      0x14c ./Core/Src/tft.o
                0x0000000008003b30                invertDisplay
 .text.writePixel
                0x0000000008003c7c       0x2a ./Core/Src/tft.o
                0x0000000008003c7c                writePixel
 *fill*         0x0000000008003ca6        0x2 
 .text.fillRect
                0x0000000008003ca8      0x30c ./Core/Src/tft.o
                0x0000000008003ca8                fillRect
 .text.drawChar
                0x0000000008003fb4      0x188 ./Core/Src/tft.o
                0x0000000008003fb4                drawChar
 .text.write    0x000000000800413c      0x15c ./Core/Src/tft.o
                0x000000000800413c                write
 .text.setFont  0x0000000008004298       0x54 ./Core/Src/tft.o
                0x0000000008004298                setFont
 .text.printnewtstr
                0x00000000080042ec       0x6c ./Core/Src/tft.o
                0x00000000080042ec                printnewtstr
 .text.setTextWrap
                0x0000000008004358       0x20 ./Core/Src/tft.o
                0x0000000008004358                setTextWrap
 .text.setCursor
                0x0000000008004378       0x34 ./Core/Src/tft.o
                0x0000000008004378                setCursor
 .text.drawRGBBitmap
                0x00000000080043ac       0x9c ./Core/Src/tft.o
                0x00000000080043ac                drawRGBBitmap
 .text.Reset_Handler
                0x0000000008004448       0x50 ./Core/Startup/startup_stm32f411ceux.o
                0x0000000008004448                Reset_Handler
 .text.Default_Handler
                0x0000000008004498        0x2 ./Core/Startup/startup_stm32f411ceux.o
                0x0000000008004498                RTC_Alarm_IRQHandler
                0x0000000008004498                EXTI2_IRQHandler
                0x0000000008004498                SPI4_IRQHandler
                0x0000000008004498                TIM1_CC_IRQHandler
                0x0000000008004498                DMA2_Stream5_IRQHandler
                0x0000000008004498                DMA1_Stream5_IRQHandler
                0x0000000008004498                PVD_IRQHandler
                0x0000000008004498                SDIO_IRQHandler
                0x0000000008004498                TAMP_STAMP_IRQHandler
                0x0000000008004498                EXTI3_IRQHandler
                0x0000000008004498                TIM1_UP_TIM10_IRQHandler
                0x0000000008004498                I2C3_ER_IRQHandler
                0x0000000008004498                EXTI0_IRQHandler
                0x0000000008004498                I2C2_EV_IRQHandler
                0x0000000008004498                DMA1_Stream2_IRQHandler
                0x0000000008004498                FPU_IRQHandler
                0x0000000008004498                DMA2_Stream2_IRQHandler
                0x0000000008004498                SPI1_IRQHandler
                0x0000000008004498                TIM1_BRK_TIM9_IRQHandler
                0x0000000008004498                DMA2_Stream3_IRQHandler
                0x0000000008004498                USART6_IRQHandler
                0x0000000008004498                DMA2_Stream0_IRQHandler
                0x0000000008004498                TIM4_IRQHandler
                0x0000000008004498                I2C1_EV_IRQHandler
                0x0000000008004498                DMA1_Stream6_IRQHandler
                0x0000000008004498                DMA1_Stream1_IRQHandler
                0x0000000008004498                TIM3_IRQHandler
                0x0000000008004498                RCC_IRQHandler
                0x0000000008004498                Default_Handler
                0x0000000008004498                EXTI15_10_IRQHandler
                0x0000000008004498                ADC_IRQHandler
                0x0000000008004498                DMA1_Stream7_IRQHandler
                0x0000000008004498                SPI5_IRQHandler
                0x0000000008004498                TIM5_IRQHandler
                0x0000000008004498                DMA2_Stream7_IRQHandler
                0x0000000008004498                I2C3_EV_IRQHandler
                0x0000000008004498                EXTI9_5_IRQHandler
                0x0000000008004498                RTC_WKUP_IRQHandler
                0x0000000008004498                SPI2_IRQHandler
                0x0000000008004498                DMA1_Stream0_IRQHandler
                0x0000000008004498                EXTI4_IRQHandler
                0x0000000008004498                WWDG_IRQHandler
                0x0000000008004498                TIM2_IRQHandler
                0x0000000008004498                OTG_FS_WKUP_IRQHandler
                0x0000000008004498                TIM1_TRG_COM_TIM11_IRQHandler
                0x0000000008004498                EXTI1_IRQHandler
                0x0000000008004498                USART2_IRQHandler
                0x0000000008004498                I2C2_ER_IRQHandler
                0x0000000008004498                DMA2_Stream1_IRQHandler
                0x0000000008004498                FLASH_IRQHandler
                0x0000000008004498                DMA2_Stream4_IRQHandler
                0x0000000008004498                USART1_IRQHandler
                0x0000000008004498                OTG_FS_IRQHandler
                0x0000000008004498                SPI3_IRQHandler
                0x0000000008004498                DMA1_Stream4_IRQHandler
                0x0000000008004498                I2C1_ER_IRQHandler
                0x0000000008004498                DMA2_Stream6_IRQHandler
                0x0000000008004498                DMA1_Stream3_IRQHandler
 *fill*         0x000000000800449a        0x2 
 .text.HAL_Init
                0x000000000800449c       0x44 ./Drivers/STM32F4xx_HAL_Driver/Src/stm32f4xx_hal.o
                0x000000000800449c                HAL_Init
 .text.HAL_InitTick
                0x00000000080044e0       0x60 ./Drivers/STM32F4xx_HAL_Driver/Src/stm32f4xx_hal.o
                0x00000000080044e0                HAL_InitTick
 .text.HAL_IncTick
                0x0000000008004540       0x28 ./Drivers/STM32F4xx_HAL_Driver/Src/stm32f4xx_hal.o
                0x0000000008004540                HAL_IncTick
 .text.HAL_GetTick
                0x0000000008004568       0x18 ./Drivers/STM32F4xx_HAL_Driver/Src/stm32f4xx_hal.o
                0x0000000008004568                HAL_GetTick
 .text.HAL_Delay
                0x0000000008004580       0x48 ./Drivers/STM32F4xx_HAL_Driver/Src/stm32f4xx_hal.o
                0x0000000008004580                HAL_Delay
 .text.HAL_ADC_Init
                0x00000000080045c8       0x86 ./Drivers/STM32F4xx_HAL_Driver/Src/stm32f4xx_hal_adc.o
                0x00000000080045c8                HAL_ADC_Init
 *fill*         0x000000000800464e        0x2 
 .text.HAL_ADC_ConfigChannel
                0x0000000008004650      0x264 ./Drivers/STM32F4xx_HAL_Driver/Src/stm32f4xx_hal_adc.o
                0x0000000008004650                HAL_ADC_ConfigChannel
 .text.ADC_Init
                0x00000000080048b4      0x1f8 ./Drivers/STM32F4xx_HAL_Driver/Src/stm32f4xx_hal_adc.o
 .text.__NVIC_SetPriorityGrouping
                0x0000000008004aac       0x48 ./Drivers/STM32F4xx_HAL_Driver/Src/stm32f4xx_hal_cortex.o
 .text.__NVIC_GetPriorityGrouping
                0x0000000008004af4       0x1c ./Drivers/STM32F4xx_HAL_Driver/Src/stm32f4xx_hal_cortex.o
 .text.__NVIC_SetPriority
                0x0000000008004b10       0x54 ./Drivers/STM32F4xx_HAL_Driver/Src/stm32f4xx_hal_cortex.o
 .text.NVIC_EncodePriority
                0x0000000008004b64       0x66 ./Drivers/STM32F4xx_HAL_Driver/Src/stm32f4xx_hal_cortex.o
 *fill*         0x0000000008004bca        0x2 
 .text.SysTick_Config
                0x0000000008004bcc       0x44 ./Drivers/STM32F4xx_HAL_Driver/Src/stm32f4xx_hal_cortex.o
 .text.HAL_NVIC_SetPriorityGrouping
                0x0000000008004c10       0x16 ./Drivers/STM32F4xx_HAL_Driver/Src/stm32f4xx_hal_cortex.o
                0x0000000008004c10                HAL_NVIC_SetPriorityGrouping
 .text.HAL_NVIC_SetPriority
                0x0000000008004c26       0x38 ./Drivers/STM32F4xx_HAL_Driver/Src/stm32f4xx_hal_cortex.o
                0x0000000008004c26                HAL_NVIC_SetPriority
 .text.HAL_SYSTICK_Config
                0x0000000008004c5e       0x18 ./Drivers/STM32F4xx_HAL_Driver/Src/stm32f4xx_hal_cortex.o
                0x0000000008004c5e                HAL_SYSTICK_Config
 .text.HAL_CRC_Init
                0x0000000008004c76       0x38 ./Drivers/STM32F4xx_HAL_Driver/Src/stm32f4xx_hal_crc.o
                0x0000000008004c76                HAL_CRC_Init
 *fill*         0x0000000008004cae        0x2 
 .text.HAL_GPIO_Init
                0x0000000008004cb0      0x308 ./Drivers/STM32F4xx_HAL_Driver/Src/stm32f4xx_hal_gpio.o
                0x0000000008004cb0                HAL_GPIO_Init
 .text.HAL_GPIO_ReadPin
                0x0000000008004fb8       0x30 ./Drivers/STM32F4xx_HAL_Driver/Src/stm32f4xx_hal_gpio.o
                0x0000000008004fb8                HAL_GPIO_ReadPin
 .text.HAL_GPIO_WritePin
                0x0000000008004fe8       0x32 ./Drivers/STM32F4xx_HAL_Driver/Src/stm32f4xx_hal_gpio.o
                0x0000000008004fe8                HAL_GPIO_WritePin
 *fill*         0x000000000800501a        0x2 
 .text.HAL_RCC_OscConfig
                0x000000000800501c      0x4f0 ./Drivers/STM32F4xx_HAL_Driver/Src/stm32f4xx_hal_rcc.o
                0x000000000800501c                HAL_RCC_OscConfig
 .text.HAL_RCC_ClockConfig
                0x000000000800550c      0x1cc ./Drivers/STM32F4xx_HAL_Driver/Src/stm32f4xx_hal_rcc.o
                0x000000000800550c                HAL_RCC_ClockConfig
 .text.HAL_RCC_GetSysClockFreq
                0x00000000080056d8      0x18c ./Drivers/STM32F4xx_HAL_Driver/Src/stm32f4xx_hal_rcc.o
                0x00000000080056d8                HAL_RCC_GetSysClockFreq
 .text.HAL_TIM_Base_Init
                0x0000000008005864       0x9e ./Drivers/STM32F4xx_HAL_Driver/Src/stm32f4xx_hal_tim.o
                0x0000000008005864                HAL_TIM_Base_Init
 *fill*         0x0000000008005902        0x2 
 .text.HAL_TIM_Base_Start
                0x0000000008005904       0xb4 ./Drivers/STM32F4xx_HAL_Driver/Src/stm32f4xx_hal_tim.o
                0x0000000008005904                HAL_TIM_Base_Start
 .text.HAL_TIM_ConfigClockSource
                0x00000000080059b8      0x18e ./Drivers/STM32F4xx_HAL_Driver/Src/stm32f4xx_hal_tim.o
                0x00000000080059b8                HAL_TIM_ConfigClockSource
 *fill*         0x0000000008005b46        0x2 
 .text.TIM_Base_SetConfig
                0x0000000008005b48      0x100 ./Drivers/STM32F4xx_HAL_Driver/Src/stm32f4xx_hal_tim.o
                0x0000000008005b48                TIM_Base_SetConfig
 .text.TIM_TI1_ConfigInputStage
                0x0000000008005c48       0x5e ./Drivers/STM32F4xx_HAL_Driver/Src/stm32f4xx_hal_tim.o
 .text.TIM_TI2_ConfigInputStage
                0x0000000008005ca6       0x60 ./Drivers/STM32F4xx_HAL_Driver/Src/stm32f4xx_hal_tim.o
 .text.TIM_ITRx_SetConfig
                0x0000000008005d06       0x36 ./Drivers/STM32F4xx_HAL_Driver/Src/stm32f4xx_hal_tim.o
 .text.TIM_ETR_SetConfig
                0x0000000008005d3c       0x40 ./Drivers/STM32F4xx_HAL_Driver/Src/stm32f4xx_hal_tim.o
                0x0000000008005d3c                TIM_ETR_SetConfig
 .text.HAL_TIMEx_MasterConfigSynchronization
                0x0000000008005d7c       0xdc ./Drivers/STM32F4xx_HAL_Driver/Src/stm32f4xx_hal_tim_ex.o
                0x0000000008005d7c                HAL_TIMEx_MasterConfigSynchronization
 .text.memset   0x0000000008005e58       0x10 C:/ST/STM32CubeIDE_1.13.2/STM32CubeIDE/plugins/com.st.stm32cube.ide.mcu.externaltools.gnu-tools-for-stm32.11.3.rel1.win32_1.1.1.202309131626/tools/bin/../lib/gcc/arm-none-eabi/11.3.1/../../../../arm-none-eabi/lib/thumb/v7e-m+fp/hard\libc_nano.a(libc_a-memset.o)
                0x0000000008005e58                memset
 .text.__libc_init_array
                0x0000000008005e68       0x48 C:/ST/STM32CubeIDE_1.13.2/STM32CubeIDE/plugins/com.st.stm32cube.ide.mcu.externaltools.gnu-tools-for-stm32.11.3.rel1.win32_1.1.1.202309131626/tools/bin/../lib/gcc/arm-none-eabi/11.3.1/../../../../arm-none-eabi/lib/thumb/v7e-m+fp/hard\libc_nano.a(libc_a-init.o)
                0x0000000008005e68                __libc_init_array
 *(.glue_7)
 .glue_7        0x0000000008005eb0        0x0 linker stubs
 *(.glue_7t)
 .glue_7t       0x0000000008005eb0        0x0 linker stubs
 *(.eh_frame)
 .eh_frame      0x0000000008005eb0        0x0 C:/ST/STM32CubeIDE_1.13.2/STM32CubeIDE/plugins/com.st.stm32cube.ide.mcu.externaltools.gnu-tools-for-stm32.11.3.rel1.win32_1.1.1.202309131626/tools/bin/../lib/gcc/arm-none-eabi/11.3.1/thumb/v7e-m+fp/hard/crtbegin.o
 *(.init)
 .init          0x0000000008005eb0        0x4 C:/ST/STM32CubeIDE_1.13.2/STM32CubeIDE/plugins/com.st.stm32cube.ide.mcu.externaltools.gnu-tools-for-stm32.11.3.rel1.win32_1.1.1.202309131626/tools/bin/../lib/gcc/arm-none-eabi/11.3.1/thumb/v7e-m+fp/hard/crti.o
                0x0000000008005eb0                _init
 .init          0x0000000008005eb4        0x8 C:/ST/STM32CubeIDE_1.13.2/STM32CubeIDE/plugins/com.st.stm32cube.ide.mcu.externaltools.gnu-tools-for-stm32.11.3.rel1.win32_1.1.1.202309131626/tools/bin/../lib/gcc/arm-none-eabi/11.3.1/thumb/v7e-m+fp/hard/crtn.o
 *(.fini)
 .fini          0x0000000008005ebc        0x4 C:/ST/STM32CubeIDE_1.13.2/STM32CubeIDE/plugins/com.st.stm32cube.ide.mcu.externaltools.gnu-tools-for-stm32.11.3.rel1.win32_1.1.1.202309131626/tools/bin/../lib/gcc/arm-none-eabi/11.3.1/thumb/v7e-m+fp/hard/crti.o
                0x0000000008005ebc                _fini
 .fini          0x0000000008005ec0        0x8 C:/ST/STM32CubeIDE_1.13.2/STM32CubeIDE/plugins/com.st.stm32cube.ide.mcu.externaltools.gnu-tools-for-stm32.11.3.rel1.win32_1.1.1.202309131626/tools/bin/../lib/gcc/arm-none-eabi/11.3.1/thumb/v7e-m+fp/hard/crtn.o
                0x0000000008005ec8                . = ALIGN (0x4)
                0x0000000008005ec8                _etext = .

.vfp11_veneer   0x0000000008005ec8        0x0
 .vfp11_veneer  0x0000000008005ec8        0x0 linker stubs

.v4_bx          0x0000000008005ec8        0x0
 .v4_bx         0x0000000008005ec8        0x0 linker stubs

.iplt           0x0000000008005ec8        0x0
 .iplt          0x0000000008005ec8        0x0 C:/ST/STM32CubeIDE_1.13.2/STM32CubeIDE/plugins/com.st.stm32cube.ide.mcu.externaltools.gnu-tools-for-stm32.11.3.rel1.win32_1.1.1.202309131626/tools/bin/../lib/gcc/arm-none-eabi/11.3.1/thumb/v7e-m+fp/hard/crtbegin.o

.rodata         0x0000000008005ec8    0x28abc
                0x0000000008005ec8                . = ALIGN (0x4)
 *(.rodata)
 .rodata        0x0000000008005ec8      0x178 ./Core/Src/main.o
 .rodata        0x0000000008006040        0x3 ./Core/Src/tft.o
 *(.rodata*)
 *fill*         0x0000000008006043        0x1 
 .rodata.FreeMono9pt7bBitmaps
                0x0000000008006044      0x34c ./Core/Src/fonts.o
                0x0000000008006044                FreeMono9pt7bBitmaps
 .rodata.FreeMono9pt7bGlyphs
                0x0000000008006390      0x3b6 ./Core/Src/fonts.o
                0x0000000008006390                FreeMono9pt7bGlyphs
 *fill*         0x0000000008006746        0x2 
 .rodata.mono9x7
                0x0000000008006748        0xc ./Core/Src/fonts.o
                0x0000000008006748                mono9x7
 .rodata.FreeMonoBold9pt7bBitmaps
                0x0000000008006754      0x3e8 ./Core/Src/fonts.o
                0x0000000008006754                FreeMonoBold9pt7bBitmaps
 .rodata.FreeMonoBold9pt7bGlyphs
                0x0000000008006b3c      0x3b6 ./Core/Src/fonts.o
                0x0000000008006b3c                FreeMonoBold9pt7bGlyphs
 *fill*         0x0000000008006ef2        0x2 
 .rodata.mono9x7bold
                0x0000000008006ef4        0xc ./Core/Src/fonts.o
                0x0000000008006ef4                mono9x7bold
 .rodata.FreeMonoBold12pt7bBitmaps
                0x0000000008006f00      0x6c2 ./Core/Src/fonts.o
                0x0000000008006f00                FreeMonoBold12pt7bBitmaps
 *fill*         0x00000000080075c2        0x2 
 .rodata.FreeMonoBold12pt7bGlyphs
                0x00000000080075c4      0x3b6 ./Core/Src/fonts.o
                0x00000000080075c4                FreeMonoBold12pt7bGlyphs
 *fill*         0x000000000800797a        0x2 
 .rodata.mono12x7bold
                0x000000000800797c        0xc ./Core/Src/fonts.o
                0x000000000800797c                mono12x7bold
 .rodata.FreeMonoBold18pt7bBitmaps
                0x0000000008007988      0xee5 ./Core/Src/fonts.o
                0x0000000008007988                FreeMonoBold18pt7bBitmaps
 *fill*         0x000000000800886d        0x3 
 .rodata.FreeMonoBold18pt7bGlyphs
                0x0000000008008870      0x3b6 ./Core/Src/fonts.o
                0x0000000008008870                FreeMonoBold18pt7bGlyphs
 *fill*         0x0000000008008c26        0x2 
 .rodata.mono18x7bold
                0x0000000008008c28        0xc ./Core/Src/fonts.o
                0x0000000008008c28                mono18x7bold
 .rodata.image_data_logo2
                0x0000000008008c34    0x25800 ./Core/Src/logo.o
                0x0000000008008c34                image_data_logo2
 .rodata.AHBPrescTable
                0x000000000802e434       0x10 ./Core/Src/system_stm32f4xx.o
                0x000000000802e434                AHBPrescTable
 .rodata.R61511_regValues.31
                0x000000000802e444        0x3 ./Core/Src/tft.o
 *fill*         0x000000000802e447        0x1 
 .rodata.R61520_regValues.30
                0x000000000802e448        0x6 ./Core/Src/tft.o
 *fill*         0x000000000802e44e        0x2 
 .rodata.R61526_regValues.29
                0x000000000802e450        0xc ./Core/Src/tft.o
 .rodata.NT35310_regValues.28
                0x000000000802e45c        0x2 ./Core/Src/tft.o
 *fill*         0x000000000802e45e        0x2 
 .rodata.RM68140_regValues_max.27
                0x000000000802e460        0x3 ./Core/Src/tft.o
 *fill*         0x000000000802e463        0x1 
 .rodata.ST7789_regValues.26
                0x000000000802e464       0x41 ./Core/Src/tft.o
 *fill*         0x000000000802e4a5        0x3 
 .rodata.FK8031_regValues.25
                0x000000000802e4a8       0x12 ./Core/Src/tft.o
 *fill*         0x000000000802e4ba        0x2 
 .rodata.HX8357C_regValues.24
                0x000000000802e4bc        0x2 ./Core/Src/tft.o
 *fill*         0x000000000802e4be        0x2 
 .rodata.HX8357_99_regValues.23
                0x000000000802e4c0       0x1d ./Core/Src/tft.o
 *fill*         0x000000000802e4dd        0x3 
 .rodata.ILI9320_regValues.22
                0x000000000802e4e0       0xd8 ./Core/Src/tft.o
 .rodata.ILI9325_regValues.21
                0x000000000802e5b8       0xcc ./Core/Src/tft.o
 .rodata.ILI9327_regValues.20
                0x000000000802e684       0x1e ./Core/Src/tft.o
 *fill*         0x000000000802e6a2        0x2 
 .rodata.XX1602_regValues.19
                0x000000000802e6a4        0x6 ./Core/Src/tft.o
 *fill*         0x000000000802e6aa        0x2 
 .rodata.ILI9329_regValues.18
                0x000000000802e6ac        0x3 ./Core/Src/tft.o
 *fill*         0x000000000802e6af        0x1 
 .rodata.ILI9341_regValues_2_4.17
                0x000000000802e6b0       0x65 ./Core/Src/tft.o
 *fill*         0x000000000802e715        0x3 
 .rodata.ILI9342_regValues_CPT24.16
                0x000000000802e718       0x38 ./Core/Src/tft.o
 .rodata.ILI9481_regValues.15
                0x000000000802e750       0x45 ./Core/Src/tft.o
 *fill*         0x000000000802e795        0x3 
 .rodata.ILI9486_regValues.14
                0x000000000802e798       0x3b ./Core/Src/tft.o
 *fill*         0x000000000802e7d3        0x1 
 .rodata.ILI9488_regValues_max.13
                0x000000000802e7d4       0x2b ./Core/Src/tft.o
 *fill*         0x000000000802e7ff        0x1 
 .rodata.R61505V_regValues.12
                0x000000000802e800       0xb0 ./Core/Src/tft.o
 .rodata.R61509V_regValues.11
                0x000000000802e8b0       0xc0 ./Core/Src/tft.o
 .rodata.reset_off.10
                0x000000000802e970        0x9 ./Core/Src/tft.o
 *fill*         0x000000000802e979        0x3 
 .rodata.wake_on.9
                0x000000000802e97c        0x6 ./Core/Src/tft.o
                0x000000000802e984                . = ALIGN (0x4)
 *fill*         0x000000000802e982        0x2 

.ARM.extab      0x000000000802e984        0x0
                0x000000000802e984                . = ALIGN (0x4)
 *(.ARM.extab* .gnu.linkonce.armextab.*)
                0x000000000802e984                . = ALIGN (0x4)

.ARM            0x000000000802e984        0x8
                0x000000000802e984                . = ALIGN (0x4)
                0x000000000802e984                __exidx_start = .
 *(.ARM.exidx*)
 .ARM.exidx     0x000000000802e984        0x8 C:/ST/STM32CubeIDE_1.13.2/STM32CubeIDE/plugins/com.st.stm32cube.ide.mcu.externaltools.gnu-tools-for-stm32.11.3.rel1.win32_1.1.1.202309131626/tools/bin/../lib/gcc/arm-none-eabi/11.3.1/thumb/v7e-m+fp/hard\libgcc.a(_udivmoddi4.o)
                0x000000000802e98c                __exidx_end = .
                0x000000000802e98c                . = ALIGN (0x4)

.rel.dyn        0x000000000802e98c        0x0
 .rel.iplt      0x000000000802e98c        0x0 C:/ST/STM32CubeIDE_1.13.2/STM32CubeIDE/plugins/com.st.stm32cube.ide.mcu.externaltools.gnu-tools-for-stm32.11.3.rel1.win32_1.1.1.202309131626/tools/bin/../lib/gcc/arm-none-eabi/11.3.1/thumb/v7e-m+fp/hard/crtbegin.o

.preinit_array  0x000000000802e98c        0x0
                0x000000000802e98c                . = ALIGN (0x4)
                0x000000000802e98c                PROVIDE (__preinit_array_start = .)
 *(.preinit_array*)
                0x000000000802e98c                PROVIDE (__preinit_array_end = .)
                0x000000000802e98c                . = ALIGN (0x4)

.init_array     0x000000000802e98c        0x4
                0x000000000802e98c                . = ALIGN (0x4)
                0x000000000802e98c                PROVIDE (__init_array_start = .)
 *(SORT_BY_NAME(.init_array.*))
 *(.init_array*)
 .init_array    0x000000000802e98c        0x4 C:/ST/STM32CubeIDE_1.13.2/STM32CubeIDE/plugins/com.st.stm32cube.ide.mcu.externaltools.gnu-tools-for-stm32.11.3.rel1.win32_1.1.1.202309131626/tools/bin/../lib/gcc/arm-none-eabi/11.3.1/thumb/v7e-m+fp/hard/crtbegin.o
                0x000000000802e990                PROVIDE (__init_array_end = .)
                0x000000000802e990                . = ALIGN (0x4)

.fini_array     0x000000000802e990        0x4
                0x000000000802e990                . = ALIGN (0x4)
                [!provide]                        PROVIDE (__fini_array_start = .)
 *(SORT_BY_NAME(.fini_array.*))
 *(.fini_array*)
 .fini_array    0x000000000802e990        0x4 C:/ST/STM32CubeIDE_1.13.2/STM32CubeIDE/plugins/com.st.stm32cube.ide.mcu.externaltools.gnu-tools-for-stm32.11.3.rel1.win32_1.1.1.202309131626/tools/bin/../lib/gcc/arm-none-eabi/11.3.1/thumb/v7e-m+fp/hard/crtbegin.o
                [!provide]                        PROVIDE (__fini_array_end = .)
                0x000000000802e994                . = ALIGN (0x4)
                0x000000000802e994                _sidata = LOADADDR (.data)

.data           0x0000000020000000       0x18 load address 0x000000000802e994
                0x0000000020000000                . = ALIGN (0x4)
                0x0000000020000000                _sdata = .
 *(.data)
 *(.data*)
 .data.SystemCoreClock
                0x0000000020000000        0x4 ./Core/Src/system_stm32f4xx.o
                0x0000000020000000                SystemCoreClock
 .data._width   0x0000000020000004        0x2 ./Core/Src/tft.o
                0x0000000020000004                _width
 .data._height  0x0000000020000006        0x2 ./Core/Src/tft.o
                0x0000000020000006                _height
 .data.textsize
                0x0000000020000008        0x1 ./Core/Src/tft.o
                0x0000000020000008                textsize
 *fill*         0x0000000020000009        0x1 
 .data.textcolor
                0x000000002000000a        0x2 ./Core/Src/tft.o
                0x000000002000000a                textcolor
 .data.textbgcolor
                0x000000002000000c        0x2 ./Core/Src/tft.o
                0x000000002000000c                textbgcolor
 .data.wrap     0x000000002000000e        0x1 ./Core/Src/tft.o
                0x000000002000000e                wrap
 *fill*         0x000000002000000f        0x1 
 .data.uwTickPrio
                0x0000000020000010        0x4 ./Drivers/STM32F4xx_HAL_Driver/Src/stm32f4xx_hal.o
                0x0000000020000010                uwTickPrio
 .data.uwTickFreq
                0x0000000020000014        0x1 ./Drivers/STM32F4xx_HAL_Driver/Src/stm32f4xx_hal.o
                0x0000000020000014                uwTickFreq
 *(.RamFunc)
 *(.RamFunc*)
                0x0000000020000018                . = ALIGN (0x4)
 *fill*         0x0000000020000015        0x3 
                0x0000000020000018                _edata = .

.igot.plt       0x0000000020000018        0x0 load address 0x000000000802e9ac
 .igot.plt      0x0000000020000018        0x0 C:/ST/STM32CubeIDE_1.13.2/STM32CubeIDE/plugins/com.st.stm32cube.ide.mcu.externaltools.gnu-tools-for-stm32.11.3.rel1.win32_1.1.1.202309131626/tools/bin/../lib/gcc/arm-none-eabi/11.3.1/thumb/v7e-m+fp/hard/crtbegin.o
                0x0000000020000018                . = ALIGN (0x4)

.bss            0x0000000020000018       0xe4 load address 0x000000000802e9ac
                0x0000000020000018                _sbss = .
                0x0000000020000018                __bss_start__ = _sbss
 *(.bss)
 .bss           0x0000000020000018       0x1c C:/ST/STM32CubeIDE_1.13.2/STM32CubeIDE/plugins/com.st.stm32cube.ide.mcu.externaltools.gnu-tools-for-stm32.11.3.rel1.win32_1.1.1.202309131626/tools/bin/../lib/gcc/arm-none-eabi/11.3.1/thumb/v7e-m+fp/hard/crtbegin.o
 *(.bss*)
 .bss.gfxFont   0x0000000020000034        0x4 ./Core/Src/fonts.o
                0x0000000020000034                gfxFont
 .bss.hadc1     0x0000000020000038       0x48 ./Core/Src/main.o
                0x0000000020000038                hadc1
 .bss.hcrc      0x0000000020000080        0x8 ./Core/Src/main.o
                0x0000000020000080                hcrc
 .bss.htim1     0x0000000020000088       0x48 ./Core/Src/main.o
                0x0000000020000088                htim1
 .bss.ID        0x00000000200000d0        0x4 ./Core/Src/main.o
                0x00000000200000d0                ID
 .bss.stateHalaman
                0x00000000200000d4        0x4 ./Core/Src/main.o
                0x00000000200000d4                stateHalaman
 .bss.done_reset
                0x00000000200000d8        0x1 ./Core/Src/tft.o
 .bss.is8347    0x00000000200000d9        0x1 ./Core/Src/tft.o
 .bss.is555     0x00000000200000da        0x1 ./Core/Src/tft.o
 .bss.is9797    0x00000000200000db        0x1 ./Core/Src/tft.o
 .bss.cursor_y  0x00000000200000dc        0x1 ./Core/Src/tft.o
                0x00000000200000dc                cursor_y
 .bss.cursor_x  0x00000000200000dd        0x1 ./Core/Src/tft.o
                0x00000000200000dd                cursor_x
 .bss.rotation  0x00000000200000de        0x1 ./Core/Src/tft.o
                0x00000000200000de                rotation
 *fill*         0x00000000200000df        0x1 
 .bss._lcd_xor  0x00000000200000e0        0x2 ./Core/Src/tft.o
                0x00000000200000e0                _lcd_xor
 .bss._lcd_capable
                0x00000000200000e2        0x2 ./Core/Src/tft.o
                0x00000000200000e2                _lcd_capable
 .bss._lcd_ID   0x00000000200000e4        0x2 ./Core/Src/tft.o
                0x00000000200000e4                _lcd_ID
 .bss._lcd_rev  0x00000000200000e6        0x2 ./Core/Src/tft.o
                0x00000000200000e6                _lcd_rev
 .bss._lcd_madctl
                0x00000000200000e8        0x2 ./Core/Src/tft.o
                0x00000000200000e8                _lcd_madctl
 .bss._MC       0x00000000200000ea        0x2 ./Core/Src/tft.o
                0x00000000200000ea                _MC
 .bss._MP       0x00000000200000ec        0x2 ./Core/Src/tft.o
                0x00000000200000ec                _MP
 .bss._MW       0x00000000200000ee        0x2 ./Core/Src/tft.o
                0x00000000200000ee                _MW
 .bss._SC       0x00000000200000f0        0x2 ./Core/Src/tft.o
                0x00000000200000f0                _SC
 .bss._EC       0x00000000200000f2        0x2 ./Core/Src/tft.o
                0x00000000200000f2                _EC
 .bss._SP       0x00000000200000f4        0x2 ./Core/Src/tft.o
                0x00000000200000f4                _SP
 .bss._EP       0x00000000200000f6        0x2 ./Core/Src/tft.o
                0x00000000200000f6                _EP
 .bss.uwTick    0x00000000200000f8        0x4 ./Drivers/STM32F4xx_HAL_Driver/Src/stm32f4xx_hal.o
                0x00000000200000f8                uwTick
 *(COMMON)
                0x00000000200000fc                . = ALIGN (0x4)
                0x00000000200000fc                _ebss = .
                0x00000000200000fc                __bss_end__ = _ebss

._user_heap_stack
                0x00000000200000fc      0x604 load address 0x000000000802e9ac
                0x0000000020000100                . = ALIGN (0x8)
 *fill*         0x00000000200000fc        0x4 
                [!provide]                        PROVIDE (end = .)
                0x0000000020000100                PROVIDE (_end = .)
                0x0000000020000300                . = (. + _Min_Heap_Size)
 *fill*         0x0000000020000100      0x200 
                0x0000000020000700                . = (. + _Min_Stack_Size)
 *fill*         0x0000000020000300      0x400 
                0x0000000020000700                . = ALIGN (0x8)

/DISCARD/
 libc.a(*)
 libm.a(*)
 libgcc.a(*)

.ARM.attributes
                0x0000000000000000       0x30
 *(.ARM.attributes)
 .ARM.attributes
                0x0000000000000000       0x1e C:/ST/STM32CubeIDE_1.13.2/STM32CubeIDE/plugins/com.st.stm32cube.ide.mcu.externaltools.gnu-tools-for-stm32.11.3.rel1.win32_1.1.1.202309131626/tools/bin/../lib/gcc/arm-none-eabi/11.3.1/thumb/v7e-m+fp/hard/crti.o
 .ARM.attributes
                0x000000000000001e       0x34 C:/ST/STM32CubeIDE_1.13.2/STM32CubeIDE/plugins/com.st.stm32cube.ide.mcu.externaltools.gnu-tools-for-stm32.11.3.rel1.win32_1.1.1.202309131626/tools/bin/../lib/gcc/arm-none-eabi/11.3.1/thumb/v7e-m+fp/hard/crtbegin.o
 .ARM.attributes
                0x0000000000000052       0x34 ./Core/Src/fonts.o
 .ARM.attributes
                0x0000000000000086       0x34 ./Core/Src/logo.o
 .ARM.attributes
                0x00000000000000ba       0x34 ./Core/Src/main.o
 .ARM.attributes
                0x00000000000000ee       0x34 ./Core/Src/stm32f4xx_hal_msp.o
 .ARM.attributes
                0x0000000000000122       0x34 ./Core/Src/stm32f4xx_it.o
 .ARM.attributes
                0x0000000000000156       0x34 ./Core/Src/system_stm32f4xx.o
 .ARM.attributes
                0x000000000000018a       0x34 ./Core/Src/tft.o
 .ARM.attributes
                0x00000000000001be       0x21 ./Core/Startup/startup_stm32f411ceux.o
 .ARM.attributes
                0x00000000000001df       0x34 ./Drivers/STM32F4xx_HAL_Driver/Src/stm32f4xx_hal.o
 .ARM.attributes
                0x0000000000000213       0x34 ./Drivers/STM32F4xx_HAL_Driver/Src/stm32f4xx_hal_adc.o
 .ARM.attributes
                0x0000000000000247       0x34 ./Drivers/STM32F4xx_HAL_Driver/Src/stm32f4xx_hal_cortex.o
 .ARM.attributes
                0x000000000000027b       0x34 ./Drivers/STM32F4xx_HAL_Driver/Src/stm32f4xx_hal_crc.o
 .ARM.attributes
                0x00000000000002af       0x34 ./Drivers/STM32F4xx_HAL_Driver/Src/stm32f4xx_hal_gpio.o
 .ARM.attributes
                0x00000000000002e3       0x34 ./Drivers/STM32F4xx_HAL_Driver/Src/stm32f4xx_hal_rcc.o
 .ARM.attributes
                0x0000000000000317       0x34 ./Drivers/STM32F4xx_HAL_Driver/Src/stm32f4xx_hal_tim.o
 .ARM.attributes
                0x000000000000034b       0x34 ./Drivers/STM32F4xx_HAL_Driver/Src/stm32f4xx_hal_tim_ex.o
 .ARM.attributes
                0x000000000000037f       0x34 C:/ST/STM32CubeIDE_1.13.2/STM32CubeIDE/plugins/com.st.stm32cube.ide.mcu.externaltools.gnu-tools-for-stm32.11.3.rel1.win32_1.1.1.202309131626/tools/bin/../lib/gcc/arm-none-eabi/11.3.1/../../../../arm-none-eabi/lib/thumb/v7e-m+fp/hard\libc_nano.a(libc_a-memset.o)
 .ARM.attributes
                0x00000000000003b3       0x34 C:/ST/STM32CubeIDE_1.13.2/STM32CubeIDE/plugins/com.st.stm32cube.ide.mcu.externaltools.gnu-tools-for-stm32.11.3.rel1.win32_1.1.1.202309131626/tools/bin/../lib/gcc/arm-none-eabi/11.3.1/../../../../arm-none-eabi/lib/thumb/v7e-m+fp/hard\libc_nano.a(libc_a-init.o)
 .ARM.attributes
                0x00000000000003e7       0x1e C:/ST/STM32CubeIDE_1.13.2/STM32CubeIDE/plugins/com.st.stm32cube.ide.mcu.externaltools.gnu-tools-for-stm32.11.3.rel1.win32_1.1.1.202309131626/tools/bin/../lib/gcc/arm-none-eabi/11.3.1/thumb/v7e-m+fp/hard\libgcc.a(_aeabi_uldivmod.o)
 .ARM.attributes
                0x0000000000000405       0x34 C:/ST/STM32CubeIDE_1.13.2/STM32CubeIDE/plugins/com.st.stm32cube.ide.mcu.externaltools.gnu-tools-for-stm32.11.3.rel1.win32_1.1.1.202309131626/tools/bin/../lib/gcc/arm-none-eabi/11.3.1/thumb/v7e-m+fp/hard\libgcc.a(_udivmoddi4.o)
 .ARM.attributes
                0x0000000000000439       0x1e C:/ST/STM32CubeIDE_1.13.2/STM32CubeIDE/plugins/com.st.stm32cube.ide.mcu.externaltools.gnu-tools-for-stm32.11.3.rel1.win32_1.1.1.202309131626/tools/bin/../lib/gcc/arm-none-eabi/11.3.1/thumb/v7e-m+fp/hard\libgcc.a(_dvmd_tls.o)
 .ARM.attributes
                0x0000000000000457       0x1e C:/ST/STM32CubeIDE_1.13.2/STM32CubeIDE/plugins/com.st.stm32cube.ide.mcu.externaltools.gnu-tools-for-stm32.11.3.rel1.win32_1.1.1.202309131626/tools/bin/../lib/gcc/arm-none-eabi/11.3.1/thumb/v7e-m+fp/hard/crtn.o
OUTPUT(MesinTSMilk.elf elf32-littlearm)
LOAD linker stubs
LOAD C:/ST/STM32CubeIDE_1.13.2/STM32CubeIDE/plugins/com.st.stm32cube.ide.mcu.externaltools.gnu-tools-for-stm32.11.3.rel1.win32_1.1.1.202309131626/tools/bin/../lib/gcc/arm-none-eabi/11.3.1/../../../../arm-none-eabi/lib/thumb/v7e-m+fp/hard\libc.a
LOAD C:/ST/STM32CubeIDE_1.13.2/STM32CubeIDE/plugins/com.st.stm32cube.ide.mcu.externaltools.gnu-tools-for-stm32.11.3.rel1.win32_1.1.1.202309131626/tools/bin/../lib/gcc/arm-none-eabi/11.3.1/../../../../arm-none-eabi/lib/thumb/v7e-m+fp/hard\libm.a
LOAD C:/ST/STM32CubeIDE_1.13.2/STM32CubeIDE/plugins/com.st.stm32cube.ide.mcu.externaltools.gnu-tools-for-stm32.11.3.rel1.win32_1.1.1.202309131626/tools/bin/../lib/gcc/arm-none-eabi/11.3.1/thumb/v7e-m+fp/hard\libgcc.a

.comment        0x0000000000000000       0x43
 .comment       0x0000000000000000       0x43 C:/ST/STM32CubeIDE_1.13.2/STM32CubeIDE/plugins/com.st.stm32cube.ide.mcu.externaltools.gnu-tools-for-stm32.11.3.rel1.win32_1.1.1.202309131626/tools/bin/../lib/gcc/arm-none-eabi/11.3.1/thumb/v7e-m+fp/hard/crtbegin.o
                                         0x44 (size before relaxing)
 .comment       0x0000000000000043       0x44 ./Core/Src/fonts.o
 .comment       0x0000000000000043       0x44 ./Core/Src/logo.o
 .comment       0x0000000000000043       0x44 ./Core/Src/main.o
 .comment       0x0000000000000043       0x44 ./Core/Src/stm32f4xx_hal_msp.o
 .comment       0x0000000000000043       0x44 ./Core/Src/stm32f4xx_it.o
 .comment       0x0000000000000043       0x44 ./Core/Src/system_stm32f4xx.o
 .comment       0x0000000000000043       0x44 ./Core/Src/tft.o
 .comment       0x0000000000000043       0x44 ./Drivers/STM32F4xx_HAL_Driver/Src/stm32f4xx_hal.o
 .comment       0x0000000000000043       0x44 ./Drivers/STM32F4xx_HAL_Driver/Src/stm32f4xx_hal_adc.o
 .comment       0x0000000000000043       0x44 ./Drivers/STM32F4xx_HAL_Driver/Src/stm32f4xx_hal_cortex.o
 .comment       0x0000000000000043       0x44 ./Drivers/STM32F4xx_HAL_Driver/Src/stm32f4xx_hal_crc.o
 .comment       0x0000000000000043       0x44 ./Drivers/STM32F4xx_HAL_Driver/Src/stm32f4xx_hal_gpio.o
 .comment       0x0000000000000043       0x44 ./Drivers/STM32F4xx_HAL_Driver/Src/stm32f4xx_hal_rcc.o
 .comment       0x0000000000000043       0x44 ./Drivers/STM32F4xx_HAL_Driver/Src/stm32f4xx_hal_tim.o
 .comment       0x0000000000000043       0x44 ./Drivers/STM32F4xx_HAL_Driver/Src/stm32f4xx_hal_tim_ex.o

.debug_info     0x0000000000000000     0xd7c5
 .debug_info    0x0000000000000000      0x4af ./Core/Src/fonts.o
 .debug_info    0x00000000000004af       0xae ./Core/Src/logo.o
 .debug_info    0x000000000000055d     0x15bf ./Core/Src/main.o
 .debug_info    0x0000000000001b1c      0xe30 ./Core/Src/stm32f4xx_hal_msp.o
 .debug_info    0x000000000000294c      0x112 ./Core/Src/stm32f4xx_it.o
 .debug_info    0x0000000000002a5e      0x53e ./Core/Src/system_stm32f4xx.o
 .debug_info    0x0000000000002f9c     0x3475 ./Core/Src/tft.o
 .debug_info    0x0000000000006411       0x23 ./Core/Startup/startup_stm32f411ceux.o
 .debug_info    0x0000000000006434      0x8c4 ./Drivers/STM32F4xx_HAL_Driver/Src/stm32f4xx_hal.o
 .debug_info    0x0000000000006cf8      0xcd1 ./Drivers/STM32F4xx_HAL_Driver/Src/stm32f4xx_hal_adc.o
 .debug_info    0x00000000000079c9      0xcb6 ./Drivers/STM32F4xx_HAL_Driver/Src/stm32f4xx_hal_cortex.o
 .debug_info    0x000000000000867f      0x373 ./Drivers/STM32F4xx_HAL_Driver/Src/stm32f4xx_hal_crc.o
 .debug_info    0x00000000000089f2      0x6f9 ./Drivers/STM32F4xx_HAL_Driver/Src/stm32f4xx_hal_gpio.o
 .debug_info    0x00000000000090eb      0x8f2 ./Drivers/STM32F4xx_HAL_Driver/Src/stm32f4xx_hal_rcc.o
 .debug_info    0x00000000000099dd     0x2941 ./Drivers/STM32F4xx_HAL_Driver/Src/stm32f4xx_hal_tim.o
 .debug_info    0x000000000000c31e     0x14a7 ./Drivers/STM32F4xx_HAL_Driver/Src/stm32f4xx_hal_tim_ex.o

.debug_abbrev   0x0000000000000000     0x1ee8
 .debug_abbrev  0x0000000000000000       0xe7 ./Core/Src/fonts.o
 .debug_abbrev  0x00000000000000e7       0x63 ./Core/Src/logo.o
 .debug_abbrev  0x000000000000014a      0x34d ./Core/Src/main.o
 .debug_abbrev  0x0000000000000497      0x1d4 ./Core/Src/stm32f4xx_hal_msp.o
 .debug_abbrev  0x000000000000066b       0x73 ./Core/Src/stm32f4xx_it.o
 .debug_abbrev  0x00000000000006de      0x11a ./Core/Src/system_stm32f4xx.o
 .debug_abbrev  0x00000000000007f8      0x44a ./Core/Src/tft.o
 .debug_abbrev  0x0000000000000c42       0x12 ./Core/Startup/startup_stm32f411ceux.o
 .debug_abbrev  0x0000000000000c54      0x24b ./Drivers/STM32F4xx_HAL_Driver/Src/stm32f4xx_hal.o
 .debug_abbrev  0x0000000000000e9f      0x20e ./Drivers/STM32F4xx_HAL_Driver/Src/stm32f4xx_hal_adc.o
 .debug_abbrev  0x00000000000010ad      0x327 ./Drivers/STM32F4xx_HAL_Driver/Src/stm32f4xx_hal_cortex.o
 .debug_abbrev  0x00000000000013d4      0x179 ./Drivers/STM32F4xx_HAL_Driver/Src/stm32f4xx_hal_crc.o
 .debug_abbrev  0x000000000000154d      0x1d3 ./Drivers/STM32F4xx_HAL_Driver/Src/stm32f4xx_hal_gpio.o
 .debug_abbrev  0x0000000000001720      0x2b5 ./Drivers/STM32F4xx_HAL_Driver/Src/stm32f4xx_hal_rcc.o
 .debug_abbrev  0x00000000000019d5      0x284 ./Drivers/STM32F4xx_HAL_Driver/Src/stm32f4xx_hal_tim.o
 .debug_abbrev  0x0000000000001c59      0x28f ./Drivers/STM32F4xx_HAL_Driver/Src/stm32f4xx_hal_tim_ex.o

.debug_aranges  0x0000000000000000      0xdf0
 .debug_aranges
                0x0000000000000000       0x18 ./Core/Src/fonts.o
 .debug_aranges
                0x0000000000000018       0x18 ./Core/Src/logo.o
 .debug_aranges
                0x0000000000000030       0x88 ./Core/Src/main.o
 .debug_aranges
                0x00000000000000b8       0x50 ./Core/Src/stm32f4xx_hal_msp.o
 .debug_aranges
                0x0000000000000108       0x60 ./Core/Src/stm32f4xx_it.o
 .debug_aranges
                0x0000000000000168       0x28 ./Core/Src/system_stm32f4xx.o
 .debug_aranges
                0x0000000000000190      0x2e0 ./Core/Src/tft.o
 .debug_aranges
                0x0000000000000470       0x28 ./Core/Startup/startup_stm32f411ceux.o
 .debug_aranges
                0x0000000000000498       0xf0 ./Drivers/STM32F4xx_HAL_Driver/Src/stm32f4xx_hal.o
 .debug_aranges
                0x0000000000000588       0xe8 ./Drivers/STM32F4xx_HAL_Driver/Src/stm32f4xx_hal_adc.o
 .debug_aranges
                0x0000000000000670      0x118 ./Drivers/STM32F4xx_HAL_Driver/Src/stm32f4xx_hal_cortex.o
 .debug_aranges
                0x0000000000000788       0x50 ./Drivers/STM32F4xx_HAL_Driver/Src/stm32f4xx_hal_crc.o
 .debug_aranges
                0x00000000000007d8       0x58 ./Drivers/STM32F4xx_HAL_Driver/Src/stm32f4xx_hal_gpio.o
 .debug_aranges
                0x0000000000000830       0x88 ./Drivers/STM32F4xx_HAL_Driver/Src/stm32f4xx_hal_rcc.o
 .debug_aranges
                0x00000000000008b8      0x3d0 ./Drivers/STM32F4xx_HAL_Driver/Src/stm32f4xx_hal_tim.o
 .debug_aranges
                0x0000000000000c88      0x168 ./Drivers/STM32F4xx_HAL_Driver/Src/stm32f4xx_hal_tim_ex.o

.debug_macro    0x0000000000000000     0x2253
 .debug_macro   0x0000000000000000       0x6c ./Core/Src/fonts.o
 .debug_macro   0x000000000000006c       0x63 ./Core/Src/logo.o
 .debug_macro   0x00000000000000cf      0x38e ./Core/Src/main.o
 .debug_macro   0x000000000000045d       0x16 ./Core/Src/main.o
 .debug_macro   0x0000000000000473       0x35 ./Core/Src/main.o
 .debug_macro   0x00000000000004a8       0x10 ./Core/Src/main.o
 .debug_macro   0x00000000000004b8       0x16 ./Core/Src/main.o
 .debug_macro   0x00000000000004ce       0x16 ./Core/Src/main.o
 .debug_macro   0x00000000000004e4      0x147 ./Core/Src/main.o
 .debug_macro   0x000000000000062b       0x16 ./Core/Src/main.o
 .debug_macro   0x0000000000000641       0x20 ./Core/Src/main.o
 .debug_macro   0x0000000000000661       0x64 ./Core/Src/main.o
 .debug_macro   0x00000000000006c5       0x22 ./Core/Src/main.o
 .debug_macro   0x00000000000006e7      0x205 ./Core/Src/stm32f4xx_hal_msp.o
 .debug_macro   0x00000000000008ec      0x20f ./Core/Src/stm32f4xx_it.o
 .debug_macro   0x0000000000000afb      0x1f6 ./Core/Src/system_stm32f4xx.o
 .debug_macro   0x0000000000000cf1      0x43e ./Core/Src/tft.o
 .debug_macro   0x000000000000112f       0x10 ./Core/Src/tft.o
 .debug_macro   0x000000000000113f       0xd8 ./Core/Src/tft.o
 .debug_macro   0x0000000000001217      0x256 ./Drivers/STM32F4xx_HAL_Driver/Src/stm32f4xx_hal.o
 .debug_macro   0x000000000000146d      0x1f7 ./Drivers/STM32F4xx_HAL_Driver/Src/stm32f4xx_hal_adc.o
 .debug_macro   0x0000000000001664      0x1f6 ./Drivers/STM32F4xx_HAL_Driver/Src/stm32f4xx_hal_cortex.o
 .debug_macro   0x000000000000185a      0x1f6 ./Drivers/STM32F4xx_HAL_Driver/Src/stm32f4xx_hal_crc.o
 .debug_macro   0x0000000000001a50      0x1fc ./Drivers/STM32F4xx_HAL_Driver/Src/stm32f4xx_hal_gpio.o
 .debug_macro   0x0000000000001c4c      0x21a ./Drivers/STM32F4xx_HAL_Driver/Src/stm32f4xx_hal_rcc.o
 .debug_macro   0x0000000000001e66      0x1f7 ./Drivers/STM32F4xx_HAL_Driver/Src/stm32f4xx_hal_tim.o
 .debug_macro   0x000000000000205d      0x1f6 ./Drivers/STM32F4xx_HAL_Driver/Src/stm32f4xx_hal_tim_ex.o

.debug_line     0x0000000000000000     0xf7f5
 .debug_line    0x0000000000000000      0x40a ./Core/Src/fonts.o
 .debug_line    0x000000000000040a      0x3f2 ./Core/Src/logo.o
 .debug_line    0x00000000000007fc      0xc4b ./Core/Src/main.o
 .debug_line    0x0000000000001447      0x844 ./Core/Src/stm32f4xx_hal_msp.o
 .debug_line    0x0000000000001c8b      0x84f ./Core/Src/stm32f4xx_it.o
 .debug_line    0x00000000000024da      0x80e ./Core/Src/system_stm32f4xx.o
 .debug_line    0x0000000000002ce8     0x2f34 ./Core/Src/tft.o
 .debug_line    0x0000000000005c1c       0x7a ./Core/Startup/startup_stm32f411ceux.o
 .debug_line    0x0000000000005c96      0xa74 ./Drivers/STM32F4xx_HAL_Driver/Src/stm32f4xx_hal.o
 .debug_line    0x000000000000670a     0x1218 ./Drivers/STM32F4xx_HAL_Driver/Src/stm32f4xx_hal_adc.o
 .debug_line    0x0000000000007922      0xd23 ./Drivers/STM32F4xx_HAL_Driver/Src/stm32f4xx_hal_cortex.o
 .debug_line    0x0000000000008645      0x8d3 ./Drivers/STM32F4xx_HAL_Driver/Src/stm32f4xx_hal_crc.o
 .debug_line    0x0000000000008f18      0xbac ./Drivers/STM32F4xx_HAL_Driver/Src/stm32f4xx_hal_gpio.o
 .debug_line    0x0000000000009ac4      0xdeb ./Drivers/STM32F4xx_HAL_Driver/Src/stm32f4xx_hal_rcc.o
 .debug_line    0x000000000000a8af     0x353a ./Drivers/STM32F4xx_HAL_Driver/Src/stm32f4xx_hal_tim.o
 .debug_line    0x000000000000dde9     0x1a0c ./Drivers/STM32F4xx_HAL_Driver/Src/stm32f4xx_hal_tim_ex.o

.debug_str      0x0000000000000000    0x994ad
 .debug_str     0x0000000000000000     0x3d9f ./Core/Src/fonts.o
                                       0x3f2a (size before relaxing)
 .debug_str     0x0000000000003d9f       0x2f ./Core/Src/logo.o
                                       0x3d01 (size before relaxing)
 .debug_str     0x0000000000003dce    0x91ada ./Core/Src/main.o
                                      0x95ada (size before relaxing)
 .debug_str     0x00000000000958a8       0xbb ./Core/Src/stm32f4xx_hal_msp.o
                                      0x9122f (size before relaxing)
 .debug_str     0x0000000000095963       0xc9 ./Core/Src/stm32f4xx_it.o
                                      0x90934 (size before relaxing)
 .debug_str     0x0000000000095a2c       0xdb ./Core/Src/system_stm32f4xx.o
                                      0x9075d (size before relaxing)
 .debug_str     0x0000000000095b07     0x136e ./Core/Src/tft.o
                                      0x95497 (size before relaxing)
 .debug_str     0x0000000000096e75       0x34 ./Core/Startup/startup_stm32f411ceux.o
                                         0x73 (size before relaxing)
 .debug_str     0x0000000000096ea9      0x9ab ./Drivers/STM32F4xx_HAL_Driver/Src/stm32f4xx_hal.o
                                      0x91189 (size before relaxing)
 .debug_str     0x0000000000097854      0x2d3 ./Drivers/STM32F4xx_HAL_Driver/Src/stm32f4xx_hal_adc.o
                                      0x90d38 (size before relaxing)
 .debug_str     0x0000000000097b27      0x343 ./Drivers/STM32F4xx_HAL_Driver/Src/stm32f4xx_hal_cortex.o
                                      0x90eaa (size before relaxing)
 .debug_str     0x0000000000097e6a       0x97 ./Drivers/STM32F4xx_HAL_Driver/Src/stm32f4xx_hal_crc.o
                                      0x90779 (size before relaxing)
 .debug_str     0x0000000000097f01       0xfc ./Drivers/STM32F4xx_HAL_Driver/Src/stm32f4xx_hal_gpio.o
                                      0x908d8 (size before relaxing)
 .debug_str     0x0000000000097ffd      0x233 ./Drivers/STM32F4xx_HAL_Driver/Src/stm32f4xx_hal_rcc.o
                                      0x90b91 (size before relaxing)
 .debug_str     0x0000000000098230      0xdea ./Drivers/STM32F4xx_HAL_Driver/Src/stm32f4xx_hal_tim.o
                                      0x91ac5 (size before relaxing)
 .debug_str     0x000000000009901a      0x493 ./Drivers/STM32F4xx_HAL_Driver/Src/stm32f4xx_hal_tim_ex.o
                                      0x912e1 (size before relaxing)

.debug_rnglists
                0x0000000000000000      0xab1
 .debug_rnglists
                0x0000000000000000       0x69 ./Core/Src/main.o
 .debug_rnglists
                0x0000000000000069       0x38 ./Core/Src/stm32f4xx_hal_msp.o
 .debug_rnglists
                0x00000000000000a1       0x43 ./Core/Src/stm32f4xx_it.o
 .debug_rnglists
                0x00000000000000e4       0x1a ./Core/Src/system_stm32f4xx.o
 .debug_rnglists
                0x00000000000000fe      0x24d ./Core/Src/tft.o
 .debug_rnglists
                0x000000000000034b       0x19 ./Core/Startup/startup_stm32f411ceux.o
 .debug_rnglists
                0x0000000000000364       0xaf ./Drivers/STM32F4xx_HAL_Driver/Src/stm32f4xx_hal.o
 .debug_rnglists
                0x0000000000000413       0xb5 ./Drivers/STM32F4xx_HAL_Driver/Src/stm32f4xx_hal_adc.o
 .debug_rnglists
                0x00000000000004c8       0xce ./Drivers/STM32F4xx_HAL_Driver/Src/stm32f4xx_hal_cortex.o
 .debug_rnglists
                0x0000000000000596       0x37 ./Drivers/STM32F4xx_HAL_Driver/Src/stm32f4xx_hal_crc.o
 .debug_rnglists
                0x00000000000005cd       0x3f ./Drivers/STM32F4xx_HAL_Driver/Src/stm32f4xx_hal_gpio.o
 .debug_rnglists
                0x000000000000060c       0x66 ./Drivers/STM32F4xx_HAL_Driver/Src/stm32f4xx_hal_rcc.o
 .debug_rnglists
                0x0000000000000672      0x31a ./Drivers/STM32F4xx_HAL_Driver/Src/stm32f4xx_hal_tim.o
 .debug_rnglists
                0x000000000000098c      0x125 ./Drivers/STM32F4xx_HAL_Driver/Src/stm32f4xx_hal_tim_ex.o

.debug_frame    0x0000000000000000     0x3aac
 .debug_frame   0x0000000000000000      0x1e4 ./Core/Src/main.o
 .debug_frame   0x00000000000001e4      0x120 ./Core/Src/stm32f4xx_hal_msp.o
 .debug_frame   0x0000000000000304      0x104 ./Core/Src/stm32f4xx_it.o
 .debug_frame   0x0000000000000408       0x58 ./Core/Src/system_stm32f4xx.o
 .debug_frame   0x0000000000000460      0xd44 ./Core/Src/tft.o
 .debug_frame   0x00000000000011a4      0x374 ./Drivers/STM32F4xx_HAL_Driver/Src/stm32f4xx_hal.o
 .debug_frame   0x0000000000001518      0x3fc ./Drivers/STM32F4xx_HAL_Driver/Src/stm32f4xx_hal_adc.o
 .debug_frame   0x0000000000001914      0x498 ./Drivers/STM32F4xx_HAL_Driver/Src/stm32f4xx_hal_cortex.o
 .debug_frame   0x0000000000001dac      0x120 ./Drivers/STM32F4xx_HAL_Driver/Src/stm32f4xx_hal_crc.o
 .debug_frame   0x0000000000001ecc      0x14c ./Drivers/STM32F4xx_HAL_Driver/Src/stm32f4xx_hal_gpio.o
 .debug_frame   0x0000000000002018      0x1f4 ./Drivers/STM32F4xx_HAL_Driver/Src/stm32f4xx_hal_rcc.o
 .debug_frame   0x000000000000220c     0x11bc ./Drivers/STM32F4xx_HAL_Driver/Src/stm32f4xx_hal_tim.o
 .debug_frame   0x00000000000033c8      0x638 ./Drivers/STM32F4xx_HAL_Driver/Src/stm32f4xx_hal_tim_ex.o
 .debug_frame   0x0000000000003a00       0x20 C:/ST/STM32CubeIDE_1.13.2/STM32CubeIDE/plugins/com.st.stm32cube.ide.mcu.externaltools.gnu-tools-for-stm32.11.3.rel1.win32_1.1.1.202309131626/tools/bin/../lib/gcc/arm-none-eabi/11.3.1/../../../../arm-none-eabi/lib/thumb/v7e-m+fp/hard\libc_nano.a(libc_a-memset.o)
 .debug_frame   0x0000000000003a20       0x2c C:/ST/STM32CubeIDE_1.13.2/STM32CubeIDE/plugins/com.st.stm32cube.ide.mcu.externaltools.gnu-tools-for-stm32.11.3.rel1.win32_1.1.1.202309131626/tools/bin/../lib/gcc/arm-none-eabi/11.3.1/../../../../arm-none-eabi/lib/thumb/v7e-m+fp/hard\libc_nano.a(libc_a-init.o)
 .debug_frame   0x0000000000003a4c       0x2c C:/ST/STM32CubeIDE_1.13.2/STM32CubeIDE/plugins/com.st.stm32cube.ide.mcu.externaltools.gnu-tools-for-stm32.11.3.rel1.win32_1.1.1.202309131626/tools/bin/../lib/gcc/arm-none-eabi/11.3.1/thumb/v7e-m+fp/hard\libgcc.a(_aeabi_uldivmod.o)
 .debug_frame   0x0000000000003a78       0x34 C:/ST/STM32CubeIDE_1.13.2/STM32CubeIDE/plugins/com.st.stm32cube.ide.mcu.externaltools.gnu-tools-for-stm32.11.3.rel1.win32_1.1.1.202309131626/tools/bin/../lib/gcc/arm-none-eabi/11.3.1/thumb/v7e-m+fp/hard\libgcc.a(_udivmoddi4.o)

.debug_line_str
                0x0000000000000000       0x67
 .debug_line_str
                0x0000000000000000       0x67 ./Core/Startup/startup_stm32f411ceux.o
                                         0x7f (size before relaxing)
