../Core/Src/main.c:31:6:Button_Init	32	static
../Core/Src/main.c:42:9:ReadTombolKiri	8	static
../Core/Src/main.c:46:9:ReadTombolKanan	8	static
../Core/Src/main.c:52:5:main	16	static
../Core/Src/main.c:118:6:SplashScreen	16	static
../Core/Src/main.c:124:6:menuUtama	16	static
../Core/Src/main.c:138:6:statusDevice	24	static
../Core/Src/main.c:156:6:info	16	static
../Core/Src/main.c:167:6:SystemClock_Config	88	static
../Core/Src/main.c:214:13:MX_ADC1_Init	24	static
../Core/Src/main.c:266:13:MX_CRC_Init	8	static
../Core/Src/main.c:292:13:MX_TIM1_Init	32	static
../Core/Src/main.c:338:13:MX_GPIO_Init	40	static
../Core/Src/main.c:393:6:Error_Handler	4	static,ignoring_inline_asm
