../Core/Src/main.c:37:6:Button_Init	32	static
../Core/Src/main.c:48:9:ReadTombolKiri	8	static
../Core/Src/main.c:52:9:ReadTombolKanan	8	static
../Core/Src/main.c:58:5:main	16	static
../Core/Src/main.c:124:6:SplashScreen	16	static
../Core/Src/main.c:132:6:menuUtama	16	static
../Core/Src/main.c:147:6:statusDevice	24	static
../Core/Src/main.c:166:6:info	16	static
../Core/Src/main.c:179:6:fanPemanasOn	8	static
../Core/Src/main.c:182:6:fanPemanasOff	8	static
../Core/Src/main.c:185:6:PumAOn	8	static
../Core/Src/main.c:188:6:PumAOff	8	static
../Core/Src/main.c:191:6:PumBOn	8	static
../Core/Src/main.c:194:6:PumBOff	8	static
../Core/Src/main.c:197:6:fanMicOn	8	static
../Core/Src/main.c:200:6:fanMicOff	8	static
../Core/Src/main.c:204:6:SystemClock_Config	88	static
../Core/Src/main.c:251:13:MX_ADC1_Init	24	static
../Core/Src/main.c:303:13:MX_CRC_Init	8	static
../Core/Src/main.c:329:13:MX_TIM1_Init	32	static
../Core/Src/main.c:375:13:MX_GPIO_Init	40	static
../Core/Src/main.c:433:6:Error_Handler	4	static,ignoring_inline_asm
